Component: ARM Compiler 5.06 update 6 (build 750) Tool: armlink [4d35ed]

==============================================================================

Section Cross References

    startup_stm32f103xb.o(RESET) refers to startup_stm32f103xb.o(STACK) for __initial_sp
    startup_stm32f103xb.o(RESET) refers to startup_stm32f103xb.o(.text) for Reset_Handler
    startup_stm32f103xb.o(RESET) refers to stm32f1xx_it.o(i.NMI_Handler) for NMI_Handler
    startup_stm32f103xb.o(RESET) refers to stm32f1xx_it.o(i.HardFault_Handler) for HardFault_Handler
    startup_stm32f103xb.o(RESET) refers to stm32f1xx_it.o(i.MemManage_Handler) for MemManage_Handler
    startup_stm32f103xb.o(RESET) refers to stm32f1xx_it.o(i.BusFault_Handler) for BusFault_Handler
    startup_stm32f103xb.o(RESET) refers to stm32f1xx_it.o(i.UsageFault_Handler) for UsageFault_Handler
    startup_stm32f103xb.o(RESET) refers to stm32f1xx_it.o(i.SVC_Handler) for SVC_Handler
    startup_stm32f103xb.o(RESET) refers to stm32f1xx_it.o(i.DebugMon_Handler) for DebugMon_Handler
    startup_stm32f103xb.o(RESET) refers to stm32f1xx_it.o(i.PendSV_Handler) for PendSV_Handler
    startup_stm32f103xb.o(RESET) refers to stm32f1xx_it.o(i.SysTick_Handler) for SysTick_Handler
    startup_stm32f103xb.o(RESET) refers to stm32f1xx_it.o(i.RTC_IRQHandler) for RTC_IRQHandler
    startup_stm32f103xb.o(RESET) refers to stm32f1xx_it.o(i.I2C1_EV_IRQHandler) for I2C1_EV_IRQHandler
    startup_stm32f103xb.o(RESET) refers to stm32f1xx_it.o(i.EXTI15_10_IRQHandler) for EXTI15_10_IRQHandler
    startup_stm32f103xb.o(RESET) refers to stm32f1xx_it.o(i.RTC_Alarm_IRQHandler) for RTC_Alarm_IRQHandler
    startup_stm32f103xb.o(.text) refers to system_stm32f1xx.o(i.SystemInit) for SystemInit
    startup_stm32f103xb.o(.text) refers to entry.o(.ARM.Collect$$$$00000000) for __main
    ssd1306.o(i.charge_bump_setting) refers to ssd1306.o(i.ssd1306_write_command) for ssd1306_write_command
    ssd1306.o(i.entire_display_off) refers to ssd1306.o(i.ssd1306_write_command) for ssd1306_write_command
    ssd1306.o(i.entire_display_on) refers to ssd1306.o(i.ssd1306_write_command) for ssd1306_write_command
    ssd1306.o(i.set_column_address) refers to ssd1306.o(i.ssd1306_write_command) for ssd1306_write_command
    ssd1306.o(i.set_com_output_scan_direction) refers to ssd1306.o(i.ssd1306_write_command) for ssd1306_write_command
    ssd1306.o(i.set_com_pins_hardware_config) refers to ssd1306.o(i.ssd1306_write_command) for ssd1306_write_command
    ssd1306.o(i.set_contrast_control) refers to ssd1306.o(i.ssd1306_write_command) for ssd1306_write_command
    ssd1306.o(i.set_display_clock_divide_ratio_and_osc_freq) refers to ssd1306.o(i.ssd1306_write_command) for ssd1306_write_command
    ssd1306.o(i.set_display_off) refers to ssd1306.o(i.ssd1306_write_command) for ssd1306_write_command
    ssd1306.o(i.set_display_offset) refers to ssd1306.o(i.ssd1306_write_command) for ssd1306_write_command
    ssd1306.o(i.set_display_on) refers to ssd1306.o(i.ssd1306_write_command) for ssd1306_write_command
    ssd1306.o(i.set_display_start_line) refers to ssd1306.o(i.ssd1306_write_command) for ssd1306_write_command
    ssd1306.o(i.set_higher_column_start_address_for_page_addressing_mode) refers to ssd1306.o(i.ssd1306_write_command) for ssd1306_write_command
    ssd1306.o(i.set_inverse_display) refers to ssd1306.o(i.ssd1306_write_command) for ssd1306_write_command
    ssd1306.o(i.set_lower_column_start_address_for_page_addressing_mode) refers to ssd1306.o(i.ssd1306_write_command) for ssd1306_write_command
    ssd1306.o(i.set_memory_addressing_mode) refers to ssd1306.o(i.ssd1306_write_command) for ssd1306_write_command
    ssd1306.o(i.set_multiplex_ratio) refers to ssd1306.o(i.ssd1306_write_command) for ssd1306_write_command
    ssd1306.o(i.set_normal_display) refers to ssd1306.o(i.ssd1306_write_command) for ssd1306_write_command
    ssd1306.o(i.set_page_address) refers to ssd1306.o(i.ssd1306_write_command) for ssd1306_write_command
    ssd1306.o(i.set_page_start_address_for_page_addressing_mode) refers to ssd1306.o(i.ssd1306_write_command) for ssd1306_write_command
    ssd1306.o(i.set_pre_charge_period) refers to ssd1306.o(i.ssd1306_write_command) for ssd1306_write_command
    ssd1306.o(i.set_segment_remap) refers to ssd1306.o(i.ssd1306_write_command) for ssd1306_write_command
    ssd1306.o(i.set_v_comh_deselect_level) refers to ssd1306.o(i.ssd1306_write_command) for ssd1306_write_command
    ssd1306.o(i.ssd1306_black_pixel) refers to ssd1306.o(.bss) for .bss
    ssd1306.o(i.ssd1306_black_screen) refers to ssd1306.o(i.ssd1306_update_screen) for ssd1306_update_screen
    ssd1306.o(i.ssd1306_black_screen) refers to ssd1306.o(.bss) for .bss
    ssd1306.o(i.ssd1306_enter) refers to ssd1306.o(.data) for .data
    ssd1306.o(i.ssd1306_init) refers to ssd1306.o(i.set_multiplex_ratio) for set_multiplex_ratio
    ssd1306.o(i.ssd1306_init) refers to ssd1306.o(i.set_display_offset) for set_display_offset
[...]
    Removing stm32f1xx_it.o(.rrx_text), (6 bytes).
    Removing stm32f1xx_hal_msp.o(.rev16_text), (4 bytes).
    Removing stm32f1xx_hal_msp.o(.revsh_text), (4 bytes).
    Removing stm32f1xx_hal_msp.o(.rrx_text), (6 bytes).
    Removing stm32f1xx_hal_gpio_ex.o(.rev16_text), (4 bytes).
    Removing stm32f1xx_hal_gpio_ex.o(.revsh_text), (4 bytes).
    Removing stm32f1xx_hal_gpio_ex.o(.rrx_text), (6 bytes).
    Removing stm32f1xx_hal_gpio_ex.o(i.HAL_GPIOEx_ConfigEventout), (20 bytes).
    Removing stm32f1xx_hal_gpio_ex.o(i.HAL_GPIOEx_DisableEventout), (16 bytes).
    Removing stm32f1xx_hal_gpio_ex.o(i.HAL_GPIOEx_EnableEventout), (16 bytes).
    Removing stm32f1xx_hal_i2c.o(.rev16_text), (4 bytes).
    Removing stm32f1xx_hal_i2c.o(.revsh_text), (4 bytes).
    Removing stm32f1xx_hal_i2c.o(.rrx_text), (6 bytes).
    Removing stm32f1xx_hal_i2c.o(i.HAL_I2C_DeInit), (50 bytes).
    Removing stm32f1xx_hal_i2c.o(i.HAL_I2C_DisableListen_IT), (68 bytes).
    Removing stm32f1xx_hal_i2c.o(i.HAL_I2C_ER_IRQHandler), (196 bytes).
    Removing stm32f1xx_hal_i2c.o(i.HAL_I2C_EnableListen_IT), (58 bytes).
    Removing stm32f1xx_hal_i2c.o(i.HAL_I2C_GetError), (4 bytes).
    Removing stm32f1xx_hal_i2c.o(i.HAL_I2C_GetMode), (6 bytes).
    Removing stm32f1xx_hal_i2c.o(i.HAL_I2C_GetState), (6 bytes).
    Removing stm32f1xx_hal_i2c.o(i.HAL_I2C_IsDeviceReady), (364 bytes).
    Removing stm32f1xx_hal_i2c.o(i.HAL_I2C_Master_Abort_IT), (94 bytes).
    Removing stm32f1xx_hal_i2c.o(i.HAL_I2C_Master_Receive), (580 bytes).
    Removing stm32f1xx_hal_i2c.o(i.HAL_I2C_Master_Receive_DMA), (348 bytes).
    Removing stm32f1xx_hal_i2c.o(i.HAL_I2C_Master_Receive_IT), (200 bytes).
    Removing stm32f1xx_hal_i2c.o(i.HAL_I2C_Master_Seq_Receive_DMA), (552 bytes).
    Removing stm32f1xx_hal_i2c.o(i.HAL_I2C_Master_Seq_Receive_IT), (324 bytes).
    Removing stm32f1xx_hal_i2c.o(i.HAL_I2C_Master_Seq_Transmit_DMA), (456 bytes).
    Removing stm32f1xx_hal_i2c.o(i.HAL_I2C_Master_Seq_Transmit_IT), (216 bytes).
    Removing stm32f1xx_hal_i2c.o(i.HAL_I2C_Master_Transmit), (300 bytes).
    Removing stm32f1xx_hal_i2c.o(i.HAL_I2C_Master_Transmit_DMA), (348 bytes).
    Removing stm32f1xx_hal_i2c.o(i.HAL_I2C_Master_Transmit_IT), (188 bytes).
    Removing stm32f1xx_hal_i2c.o(i.HAL_I2C_Mem_Read), (592 bytes).
    Removing stm32f1xx_hal_i2c.o(i.HAL_I2C_Mem_Read_DMA), (448 bytes).
    Removing stm32f1xx_hal_i2c.o(i.HAL_I2C_Mem_Read_IT), (224 bytes).
    Removing stm32f1xx_hal_i2c.o(i.HAL_I2C_Mem_Write_DMA), (392 bytes).
    Removing stm32f1xx_hal_i2c.o(i.HAL_I2C_Mem_Write_IT), (212 bytes).
    Removing stm32f1xx_hal_i2c.o(i.HAL_I2C_MspDeInit), (2 bytes).
    Removing stm32f1xx_hal_i2c.o(i.HAL_I2C_MspInit), (2 bytes).
    Removing stm32f1xx_hal_i2c.o(i.HAL_I2C_Slave_Receive), (364 bytes).
    Removing stm32f1xx_hal_i2c.o(i.HAL_I2C_Slave_Receive_DMA), (228 bytes).
    Removing stm32f1xx_hal_i2c.o(i.HAL_I2C_Slave_Receive_IT), (124 bytes).
    Removing stm32f1xx_hal_i2c.o(i.HAL_I2C_Slave_Seq_Receive_DMA), (352 bytes).
    Removing stm32f1xx_hal_i2c.o(i.HAL_I2C_Slave_Seq_Receive_IT), (116 bytes).
    Removing stm32f1xx_hal_i2c.o(i.HAL_I2C_Slave_Seq_Transmit_DMA), (352 bytes).
    Removing stm32f1xx_hal_i2c.o(i.HAL_I2C_Slave_Seq_Transmit_IT), (116 bytes).
    Removing stm32f1xx_hal_i2c.o(i.HAL_I2C_Slave_Transmit), (348 bytes).
    Removing stm32f1xx_hal_i2c.o(i.HAL_I2C_Slave_Transmit_DMA), (228 bytes).
    Removing stm32f1xx_hal_i2c.o(i.HAL_I2C_Slave_Transmit_IT), (124 bytes).
    Removing stm32f1xx_hal_i2c.o(i.I2C_DMAError), (54 bytes).
    Removing stm32f1xx_hal_i2c.o(i.I2C_DMAXferCplt), (266 bytes).
    Removing stm32f1xx_hal_i2c.o(i.I2C_MasterRequestRead), (236 bytes).
    Removing stm32f1xx_hal_i2c.o(i.I2C_MasterRequestWrite), (156 bytes).
    Removing stm32f1xx_hal_i2c.o(i.I2C_RequestMemoryRead), (252 bytes).
    Removing stm32f1xx_hal_i2c.o(i.I2C_Slave_AF), (132 bytes).
    Removing stm32f1xx_hal_i2c.o(i.I2C_WaitOnRXNEFlagUntilTimeout), (102 bytes).
    Removing stm32f1xx_hal.o(.rev16_text), (4 bytes).
    Removing stm32f1xx_hal.o(.revsh_text), (4 bytes).
    Removing stm32f1xx_hal.o(.rrx_text), (6 bytes).
    Removing stm32f1xx_hal.o(i.HAL_DBGMCU_DisableDBGSleepMode), (16 bytes).
    Removing stm32f1xx_hal.o(i.HAL_DBGMCU_DisableDBGStandbyMode), (16 bytes).
    Removing stm32f1xx_hal.o(i.HAL_DBGMCU_DisableDBGStopMode), (16 bytes).
    Removing stm32f1xx_hal.o(i.HAL_DBGMCU_EnableDBGSleepMode), (16 bytes).
    Removing stm32f1xx_hal.o(i.HAL_DBGMCU_EnableDBGStandbyMode), (16 bytes).
    Removing stm32f1xx_hal.o(i.HAL_DBGMCU_EnableDBGStopMode), (16 bytes).
    Removing stm32f1xx_hal.o(i.HAL_DeInit), (32 bytes).
    Removing stm32f1xx_hal.o(i.HAL_GetDEVID), (16 bytes).
    Removing stm32f1xx_hal.o(i.HAL_GetHalVersion), (8 bytes).
    Removing stm32f1xx_hal.o(i.HAL_GetREVID), (12 bytes).
    Removing stm32f1xx_hal.o(i.HAL_GetTickFreq), (12 bytes).
    Removing stm32f1xx_hal.o(i.HAL_GetTickPrio), (12 bytes).
    Removing stm32f1xx_hal.o(i.HAL_GetUIDw0), (12 bytes).
    Removing stm32f1xx_hal.o(i.HAL_GetUIDw1), (12 bytes).
    Removing stm32f1xx_hal.o(i.HAL_GetUIDw2), (12 bytes).
    Removing stm32f1xx_hal.o(i.HAL_MspDeInit), (2 bytes).
    Removing stm32f1xx_hal.o(i.HAL_MspInit), (2 bytes).
    Removing stm32f1xx_hal.o(i.HAL_ResumeTick), (14 bytes).
    Removing stm32f1xx_hal.o(i.HAL_SetTickFreq), (36 bytes).
    Removing stm32f1xx_hal.o(i.HAL_SuspendTick), (14 bytes).
    Removing stm32f1xx_hal_rcc.o(.rev16_text), (4 bytes).
    Removing stm32f1xx_hal_rcc.o(.revsh_text), (4 bytes).
    Removing stm32f1xx_hal_rcc.o(.rrx_text), (6 bytes).
    Removing stm32f1xx_hal_rcc.o(i.HAL_RCC_CSSCallback), (2 bytes).
    Removing stm32f1xx_hal_rcc.o(i.HAL_RCC_DeInit), (220 bytes).
    Removing stm32f1xx_hal_rcc.o(i.HAL_RCC_DisableCSS), (12 bytes).
    Removing stm32f1xx_hal_rcc.o(i.HAL_RCC_EnableCSS), (12 bytes).
    Removing stm32f1xx_hal_rcc.o(i.HAL_RCC_GetClockConfig), (64 bytes).
    Removing stm32f1xx_hal_rcc.o(i.HAL_RCC_GetHCLKFreq), (12 bytes).
    Removing stm32f1xx_hal_rcc.o(i.HAL_RCC_GetOscConfig), (144 bytes).
    Removing stm32f1xx_hal_rcc.o(i.HAL_RCC_MCOConfig), (72 bytes).
    Removing stm32f1xx_hal_rcc.o(i.HAL_RCC_NMI_IRQHandler), (24 bytes).
    Removing stm32f1xx_hal_rcc_ex.o(.rev16_text), (4 bytes).
    Removing stm32f1xx_hal_rcc_ex.o(.revsh_text), (4 bytes).
    Removing stm32f1xx_hal_rcc_ex.o(.rrx_text), (6 bytes).
    Removing stm32f1xx_hal_rcc_ex.o(i.HAL_RCCEx_GetPeriphCLKConfig), (44 bytes).
    Removing stm32f1xx_hal_gpio.o(.rev16_text), (4 bytes).
    Removing stm32f1xx_hal_gpio.o(.revsh_text), (4 bytes).
    Removing stm32f1xx_hal_gpio.o(.rrx_text), (6 bytes).
    Removing stm32f1xx_hal_gpio.o(i.HAL_GPIO_DeInit), (252 bytes).
    Removing stm32f1xx_hal_gpio.o(i.HAL_GPIO_EXTI_Callback), (2 bytes).
    Removing stm32f1xx_hal_gpio.o(i.HAL_GPIO_LockPin), (34 bytes).
    Removing stm32f1xx_hal_gpio.o(i.HAL_GPIO_TogglePin), (16 bytes).
    Removing stm32f1xx_hal_dma.o(.rev16_text), (4 bytes).
    Removing stm32f1xx_hal_dma.o(.revsh_text), (4 bytes).
    Removing stm32f1xx_hal_dma.o(.rrx_text), (6 bytes).
    Removing stm32f1xx_hal_dma.o(i.DMA_SetConfig), (42 bytes).
    Removing stm32f1xx_hal_dma.o(i.HAL_DMA_Abort), (70 bytes).
    Removing stm32f1xx_hal_dma.o(i.HAL_DMA_DeInit), (92 bytes).
    Removing stm32f1xx_hal_dma.o(i.HAL_DMA_GetError), (4 bytes).
    Removing stm32f1xx_hal_dma.o(i.HAL_DMA_IRQHandler), (340 bytes).
    Removing stm32f1xx_hal_dma.o(i.HAL_DMA_Init), (92 bytes).
    Removing stm32f1xx_hal_dma.o(i.HAL_DMA_PollForTransfer), (532 bytes).
    Removing stm32f1xx_hal_dma.o(i.HAL_DMA_RegisterCallback), (74 bytes).
    Removing stm32f1xx_hal_dma.o(i.HAL_DMA_Start), (80 bytes).
    Removing stm32f1xx_hal_dma.o(i.HAL_DMA_Start_IT), (112 bytes).
    Removing stm32f1xx_hal_dma.o(i.HAL_DMA_UnRegisterCallback), (82 bytes).
    Removing stm32f1xx_hal_cortex.o(.rev16_text), (4 bytes).
    Removing stm32f1xx_hal_cortex.o(.revsh_text), (4 bytes).
    Removing stm32f1xx_hal_cortex.o(.rrx_text), (6 bytes).
    Removing stm32f1xx_hal_cortex.o(i.HAL_NVIC_ClearPendingIRQ), (26 bytes).
    Removing stm32f1xx_hal_cortex.o(i.HAL_NVIC_DisableIRQ), (34 bytes).
    Removing stm32f1xx_hal_cortex.o(i.HAL_NVIC_GetActive), (36 bytes).
    Removing stm32f1xx_hal_cortex.o(i.HAL_NVIC_GetPendingIRQ), (36 bytes).
    Removing stm32f1xx_hal_cortex.o(i.HAL_NVIC_GetPriority), (82 bytes).
    Removing stm32f1xx_hal_cortex.o(i.HAL_NVIC_GetPriorityGrouping), (16 bytes).
    Removing stm32f1xx_hal_cortex.o(i.HAL_NVIC_SetPendingIRQ), (26 bytes).
    Removing stm32f1xx_hal_cortex.o(i.HAL_NVIC_SystemReset), (36 bytes).
    Removing stm32f1xx_hal_cortex.o(i.HAL_SYSTICK_CLKSourceConfig), (24 bytes).
    Removing stm32f1xx_hal_cortex.o(i.HAL_SYSTICK_Callback), (2 bytes).
    Removing stm32f1xx_hal_cortex.o(i.HAL_SYSTICK_IRQHandler), (8 bytes).
    Removing stm32f1xx_hal_pwr.o(.rev16_text), (4 bytes).
    Removing stm32f1xx_hal_pwr.o(.revsh_text), (4 bytes).
    Removing stm32f1xx_hal_pwr.o(.rrx_text), (6 bytes).
    Removing stm32f1xx_hal_pwr.o(i.HAL_PWR_ConfigPVD), (124 bytes).
    Removing stm32f1xx_hal_pwr.o(i.HAL_PWR_DeInit), (24 bytes).
    Removing stm32f1xx_hal_pwr.o(i.HAL_PWR_DisableBkUpAccess), (12 bytes).
    Removing stm32f1xx_hal_pwr.o(i.HAL_PWR_DisablePVD), (12 bytes).
    Removing stm32f1xx_hal_pwr.o(i.HAL_PWR_DisableSEVOnPend), (16 bytes).
    Removing stm32f1xx_hal_pwr.o(i.HAL_PWR_DisableSleepOnExit), (16 bytes).
    Removing stm32f1xx_hal_pwr.o(i.HAL_PWR_DisableWakeUpPin), (28 bytes).
    Removing stm32f1xx_hal_pwr.o(i.HAL_PWR_EnablePVD), (12 bytes).
    Removing stm32f1xx_hal_pwr.o(i.HAL_PWR_EnableSEVOnPend), (16 bytes).
    Removing stm32f1xx_hal_pwr.o(i.HAL_PWR_EnableSleepOnExit), (16 bytes).
    Removing stm32f1xx_hal_pwr.o(i.HAL_PWR_EnableWakeUpPin), (28 bytes).
    Removing stm32f1xx_hal_pwr.o(i.HAL_PWR_EnterSLEEPMode), (32 bytes).
    Removing stm32f1xx_hal_pwr.o(i.HAL_PWR_EnterSTANDBYMode), (32 bytes).
    Removing stm32f1xx_hal_pwr.o(i.HAL_PWR_EnterSTOPMode), (68 bytes).
    Removing stm32f1xx_hal_pwr.o(i.HAL_PWR_PVDCallback), (2 bytes).
    Removing stm32f1xx_hal_pwr.o(i.HAL_PWR_PVD_IRQHandler), (28 bytes).
    Removing stm32f1xx_hal_pwr.o(i.PWR_OverloadWfe), (6 bytes).
    Removing stm32f1xx_hal_flash.o(.rev16_text), (4 bytes).
    Removing stm32f1xx_hal_flash.o(.revsh_text), (4 bytes).
    Removing stm32f1xx_hal_flash.o(.rrx_text), (6 bytes).
    Removing stm32f1xx_hal_flash.o(i.FLASH_Program_HalfWord), (28 bytes).
    Removing stm32f1xx_hal_flash.o(i.FLASH_SetErrorCode), (92 bytes).
    Removing stm32f1xx_hal_flash.o(i.FLASH_WaitForLastOperation), (84 bytes).
    Removing stm32f1xx_hal_flash.o(i.HAL_FLASH_EndOfOperationCallback), (2 bytes).
    Removing stm32f1xx_hal_flash.o(i.HAL_FLASH_GetError), (12 bytes).
    Removing stm32f1xx_hal_flash.o(i.HAL_FLASH_IRQHandler), (264 bytes).
    Removing stm32f1xx_hal_flash.o(i.HAL_FLASH_Lock), (20 bytes).
    Removing stm32f1xx_hal_flash.o(i.HAL_FLASH_OB_Launch), (4 bytes).
    Removing stm32f1xx_hal_flash.o(i.HAL_FLASH_OB_Lock), (20 bytes).
    Removing stm32f1xx_hal_flash.o(i.HAL_FLASH_OB_Unlock), (36 bytes).
    Removing stm32f1xx_hal_flash.o(i.HAL_FLASH_OperationErrorCallback), (2 bytes).
    Removing stm32f1xx_hal_flash.o(i.HAL_FLASH_Program), (128 bytes).
    Removing stm32f1xx_hal_flash.o(i.HAL_FLASH_Program_IT), (100 bytes).
    Removing stm32f1xx_hal_flash.o(i.HAL_FLASH_Unlock), (40 bytes).
    Removing stm32f1xx_hal_flash.o(.bss), (32 bytes).
    Removing stm32f1xx_hal_flash_ex.o(.rev16_text), (4 bytes).
    Removing stm32f1xx_hal_flash_ex.o(.revsh_text), (4 bytes).
    Removing stm32f1xx_hal_flash_ex.o(.rrx_text), (6 bytes).
    Removing stm32f1xx_hal_flash_ex.o(i.FLASH_MassErase), (36 bytes).
    Removing stm32f1xx_hal_flash_ex.o(i.FLASH_OB_DisableWRP), (176 bytes).
    Removing stm32f1xx_hal_flash_ex.o(i.FLASH_OB_EnableWRP), (176 bytes).
    Removing stm32f1xx_hal_flash_ex.o(i.FLASH_OB_GetRDP), (24 bytes).
    Removing stm32f1xx_hal_flash_ex.o(i.FLASH_OB_RDP_LevelConfig), (100 bytes).
    Removing stm32f1xx_hal_flash_ex.o(i.FLASH_PageErase), (36 bytes).
    Removing stm32f1xx_hal_flash_ex.o(i.HAL_FLASHEx_Erase), (168 bytes).
    Removing stm32f1xx_hal_flash_ex.o(i.HAL_FLASHEx_Erase_IT), (84 bytes).
    Removing stm32f1xx_hal_flash_ex.o(i.HAL_FLASHEx_OBErase), (84 bytes).
    Removing stm32f1xx_hal_flash_ex.o(i.HAL_FLASHEx_OBGetConfig), (36 bytes).
    Removing stm32f1xx_hal_flash_ex.o(i.HAL_FLASHEx_OBGetUserData), (32 bytes).
    Removing stm32f1xx_hal_flash_ex.o(i.HAL_FLASHEx_OBProgram), (200 bytes).
    Removing stm32f1xx_hal_exti.o(.rev16_text), (4 bytes).
    Removing stm32f1xx_hal_exti.o(.revsh_text), (4 bytes).
    Removing stm32f1xx_hal_exti.o(.rrx_text), (6 bytes).
    Removing stm32f1xx_hal_exti.o(i.HAL_EXTI_ClearConfigLine), (104 bytes).
    Removing stm32f1xx_hal_exti.o(i.HAL_EXTI_ClearPending), (20 bytes).
    Removing stm32f1xx_hal_exti.o(i.HAL_EXTI_GenerateSWI), (20 bytes).
    Removing stm32f1xx_hal_exti.o(i.HAL_EXTI_GetConfigLine), (144 bytes).
    Removing stm32f1xx_hal_exti.o(i.HAL_EXTI_GetHandle), (12 bytes).
    Removing stm32f1xx_hal_exti.o(i.HAL_EXTI_GetPending), (24 bytes).
    Removing stm32f1xx_hal_exti.o(i.HAL_EXTI_IRQHandler), (36 bytes).
    Removing stm32f1xx_hal_exti.o(i.HAL_EXTI_RegisterCallback), (14 bytes).
    Removing stm32f1xx_hal_exti.o(i.HAL_EXTI_SetConfigLine), (164 bytes).
    Removing stm32f1xx_hal_rtc.o(.rev16_text), (4 bytes).
    Removing stm32f1xx_hal_rtc.o(.revsh_text), (4 bytes).
    Removing stm32f1xx_hal_rtc.o(.rrx_text), (6 bytes).
    Removing stm32f1xx_hal_rtc.o(i.HAL_RTC_DeInit), (100 bytes).
    Removing stm32f1xx_hal_rtc.o(i.HAL_RTC_DeactivateAlarm), (116 bytes).
    Removing stm32f1xx_hal_rtc.o(i.HAL_RTC_GetAlarm), (102 bytes).
    Removing stm32f1xx_hal_rtc.o(i.HAL_RTC_GetDate), (78 bytes).
    Removing stm32f1xx_hal_rtc.o(i.HAL_RTC_GetState), (4 bytes).
    Removing stm32f1xx_hal_rtc.o(i.HAL_RTC_MspDeInit), (2 bytes).
    Removing stm32f1xx_hal_rtc.o(i.HAL_RTC_MspInit), (2 bytes).
    Removing stm32f1xx_hal_rtc.o(i.HAL_RTC_PollForAlarmAEvent), (66 bytes).
    Removing stm32f1xx_hal_rtc.o(i.HAL_RTC_SetAlarm), (188 bytes).
    Removing stm32f1xx_hal_rtc_ex.o(.rev16_text), (4 bytes).
    Removing stm32f1xx_hal_rtc_ex.o(.revsh_text), (4 bytes).
    Removing stm32f1xx_hal_rtc_ex.o(.rrx_text), (6 bytes).
    Removing stm32f1xx_hal_rtc_ex.o(i.HAL_RTCEx_DeactivateSecond), (44 bytes).
    Removing stm32f1xx_hal_rtc_ex.o(i.HAL_RTCEx_DeactivateTamper), (76 bytes).
    Removing stm32f1xx_hal_rtc_ex.o(i.HAL_RTCEx_PollForTamper1Event), (72 bytes).
    Removing stm32f1xx_hal_rtc_ex.o(i.HAL_RTCEx_SetSecond_IT), (44 bytes).
    Removing stm32f1xx_hal_rtc_ex.o(i.HAL_RTCEx_SetSmoothCalib), (52 bytes).
    Removing stm32f1xx_hal_rtc_ex.o(i.HAL_RTCEx_SetTamper), (80 bytes).
    Removing stm32f1xx_hal_rtc_ex.o(i.HAL_RTCEx_SetTamper_IT), (92 bytes).
    Removing stm32f1xx_hal_rtc_ex.o(i.HAL_RTCEx_Tamper1EventCallback), (2 bytes).
    Removing stm32f1xx_hal_rtc_ex.o(i.HAL_RTCEx_TamperIRQHandler), (44 bytes).
    Removing stm32f1xx_hal_tim.o(.rev16_text), (4 bytes).
    Removing stm32f1xx_hal_tim.o(.revsh_text), (4 bytes).
    Removing stm32f1xx_hal_tim.o(.rrx_text), (6 bytes).
    Removing stm32f1xx_hal_tim_ex.o(.rev16_text), (4 bytes).
    Removing stm32f1xx_hal_tim_ex.o(.revsh_text), (4 bytes).
    Removing stm32f1xx_hal_tim_ex.o(.rrx_text), (6 bytes).
    Removing system_stm32f1xx.o(.rev16_text), (4 bytes).
    Removing system_stm32f1xx.o(.revsh_text), (4 bytes).
    Removing system_stm32f1xx.o(.rrx_text), (6 bytes).
    Removing system_stm32f1xx.o(i.SystemCoreClockUpdate), (104 bytes).
    Removing dadd.o(.text), (334 bytes).
    Removing dmul.o(.text), (228 bytes).
    Removing ddiv.o(.text), (222 bytes).
    Removing dfixul.o(.text), (48 bytes).
    Removing cdrcmple.o(.text), (48 bytes).
    Removing depilogue.o(.text), (186 bytes).

283 unused section(s) (total 27837 bytes) removed from the image.

==============================================================================

Image Symbol Table

    Local Symbols

    Symbol Name                              Value     Ov Type        Size  Object(Section)

    ../Core/Src/gpio.c                       0x00000000   Number         0  gpio.o ABSOLUTE
    ../Core/Src/i2c.c                        0x00000000   Number         0  i2c.o ABSOLUTE
    ../Core/Src/main.c                       0x00000000   Number         0  main.o ABSOLUTE
    ../Core/Src/rtc.c                        0x00000000   Number         0  rtc.o ABSOLUTE
    ../Core/Src/stm32f1xx_hal_msp.c          0x00000000   Number         0  stm32f1xx_hal_msp.o ABSOLUTE
    ../Core/Src/stm32f1xx_it.c               0x00000000   Number         0  stm32f1xx_it.o ABSOLUTE
    ../Core/Src/system_stm32f1xx.c           0x00000000   Number         0  system_stm32f1xx.o ABSOLUTE
    ../Drivers/STM32F1xx_HAL_Driver/Src/stm32f1xx_hal.c 0x00000000   Number         0  stm32f1xx_hal.o ABSOLUTE
    ../Drivers/STM32F1xx_HAL_Driver/Src/stm32f1xx_hal_cortex.c 0x00000000   Number         0  stm32f1xx_hal_cortex.o ABSOLUTE
    ../Drivers/STM32F1xx_HAL_Driver/Src/stm32f1xx_hal_dma.c 0x00000000   Number         0  stm32f1xx_hal_dma.o ABSOLUTE
    ../Drivers/STM32F1xx_HAL_Driver/Src/stm32f1xx_hal_exti.c 0x00000000   Number         0  stm32f1xx_hal_exti.o ABSOLUTE
    ../Drivers/STM32F1xx_HAL_Driver/Src/stm32f1xx_hal_flash.c 0x00000000   Number         0  stm32f1xx_hal_flash.o ABSOLUTE
    ../Drivers/STM32F1xx_HAL_Driver/Src/stm32f1xx_hal_flash_ex.c 0x00000000   Number         0  stm32f1xx_hal_flash_ex.o ABSOLUTE
    ../Drivers/STM32F1xx_HAL_Driver/Src/stm32f1xx_hal_gpio.c 0x00000000   Number         0  stm32f1xx_hal_gpio.o ABSOLUTE
    ../Drivers/STM32F1xx_HAL_Driver/Src/stm32f1xx_hal_gpio_ex.c 0x00000000   Number         0  stm32f1xx_hal_gpio_ex.o ABSOLUTE
    ../Drivers/STM32F1xx_HAL_Driver/Src/stm32f1xx_hal_i2c.c 0x00000000   Number         0  stm32f1xx_hal_i2c.o ABSOLUTE
    ../Drivers/STM32F1xx_HAL_Driver/Src/stm32f1xx_hal_pwr.c 0x00000000   Number         0  stm32f1xx_hal_pwr.o ABSOLUTE
    ../Drivers/STM32F1xx_HAL_Driver/Src/stm32f1xx_hal_rcc.c 0x00000000   Number         0  stm32f1xx_hal_rcc.o ABSOLUTE
    ../Drivers/STM32F1xx_HAL_Driver/Src/stm32f1xx_hal_rcc_ex.c 0x00000000   Number         0  stm32f1xx_hal_rcc_ex.o ABSOLUTE
    ../Drivers/STM32F1xx_HAL_Driver/Src/stm32f1xx_hal_rtc.c 0x00000000   Number         0  stm32f1xx_hal_rtc.o ABSOLUTE
    ../Drivers/STM32F1xx_HAL_Driver/Src/stm32f1xx_hal_rtc_ex.c 0x00000000   Number         0  stm32f1xx_hal_rtc_ex.o ABSOLUTE
    ../Drivers/STM32F1xx_HAL_Driver/Src/stm32f1xx_hal_tim.c 0x00000000   Number         0  stm32f1xx_hal_tim.o ABSOLUTE
    ../Drivers/STM32F1xx_HAL_Driver/Src/stm32f1xx_hal_tim_ex.c 0x00000000   Number         0  stm32f1xx_hal_tim_ex.o ABSOLUTE
    ../clib/../cmprslib/lz77c.c              0x00000000   Number         0  __dclz77c.o ABSOLUTE
    ../clib/microlib/division.c              0x00000000   Number         0  uldiv.o ABSOLUTE
    ../clib/microlib/division.c              0x00000000   Number         0  uidiv.o ABSOLUTE
    ../clib/microlib/init/entry.s            0x00000000   Number         0  entry.o ABSOLUTE
    ../clib/microlib/init/entry.s            0x00000000   Number         0  entry8b.o ABSOLUTE
    ../clib/microlib/init/entry.s            0x00000000   Number         0  entry9a.o ABSOLUTE
    ../clib/microlib/init/entry.s            0x00000000   Number         0  entry9b.o ABSOLUTE
    ../clib/microlib/init/entry.s            0x00000000   Number         0  entry10a.o ABSOLUTE
    ../clib/microlib/init/entry.s            0x00000000   Number         0  entry10b.o ABSOLUTE
    ../clib/microlib/init/entry.s            0x00000000   Number         0  entry11b.o ABSOLUTE
    ../clib/microlib/init/entry.s            0x00000000   Number         0  entry11a.o ABSOLUTE
    ../clib/microlib/init/entry.s            0x00000000   Number         0  entry8a.o ABSOLUTE
    ../clib/microlib/init/entry.s            0x00000000   Number         0  entry2.o ABSOLUTE
    ../clib/microlib/init/entry.s            0x00000000   Number         0  entry5.o ABSOLUTE
    ../clib/microlib/init/entry.s            0x00000000   Number         0  entry7a.o ABSOLUTE
    ../clib/microlib/init/entry.s            0x00000000   Number         0  entry7b.o ABSOLUTE
    ../clib/microlib/longlong.c              0x00000000   Number         0  llsshr.o ABSOLUTE
    ../clib/microlib/longlong.c              0x00000000   Number         0  llshl.o ABSOLUTE
    ../clib/microlib/longlong.c              0x00000000   Number         0  llushr.o ABSOLUTE
    ../clib/microlib/printf/printf.c         0x00000000   Number         0  printf8.o ABSOLUTE
    ../clib/microlib/printf/printf.c         0x00000000   Number         0  printf7.o ABSOLUTE
    ../clib/microlib/printf/printf.c         0x00000000   Number         0  printfa.o ABSOLUTE
    ../clib/microlib/printf/printf.c         0x00000000   Number         0  printf6.o ABSOLUTE
    ../clib/microlib/printf/printf.c         0x00000000   Number         0  printf4.o ABSOLUTE
    ../clib/microlib/printf/printf.c         0x00000000   Number         0  printf3.o ABSOLUTE
    ../clib/microlib/printf/printf.c         0x00000000   Number         0  printf2.o ABSOLUTE
    ../clib/microlib/printf/printf.c         0x00000000   Number         0  printf1.o ABSOLUTE
    ../clib/microlib/printf/printf.c         0x00000000   Number         0  printf0.o ABSOLUTE
    ../clib/microlib/printf/printf.c         0x00000000   Number         0  printfb.o ABSOLUTE
    ../clib/microlib/printf/printf.c         0x00000000   Number         0  printf5.o ABSOLUTE
    ../clib/microlib/printf/stubs.s          0x00000000   Number         0  stubs.o ABSOLUTE
    ../clib/microlib/stdio/fputc.c           0x00000000   Number         0  fputc.o ABSOLUTE
    ../clib/microlib/stdio/semi.s            0x00000000   Number         0  semi.o ABSOLUTE
    ../clib/microlib/stdio/streams.c         0x00000000   Number         0  stdout.o ABSOLUTE
    ../clib/microlib/string/memset.c         0x00000000   Number         0  memseta.o ABSOLUTE
    ../clib/microlib/stubs.s                 0x00000000   Number         0  iusesemip.o ABSOLUTE
    ../clib/microlib/stubs.s                 0x00000000   Number         0  iusefp.o ABSOLUTE
    ../fplib/microlib/fpadd.c                0x00000000   Number         0  dadd.o ABSOLUTE
    ../fplib/microlib/fpdiv.c                0x00000000   Number         0  ddiv.o ABSOLUTE
    ../fplib/microlib/fpepilogue.c           0x00000000   Number         0  depilogue.o ABSOLUTE
    ../fplib/microlib/fpfix.c                0x00000000   Number         0  dfixul.o ABSOLUTE
    ../fplib/microlib/fpmul.c                0x00000000   Number         0  dmul.o ABSOLUTE
    ..\Core\Src\gpio.c                       0x00000000   Number         0  gpio.o ABSOLUTE
    ..\Core\Src\i2c.c                        0x00000000   Number         0  i2c.o ABSOLUTE
    ..\Core\Src\main.c                       0x00000000   Number         0  main.o ABSOLUTE
    ..\Core\Src\rtc.c                        0x00000000   Number         0  rtc.o ABSOLUTE
    ..\Core\Src\ssd1306.c                    0x00000000   Number         0  ssd1306.o ABSOLUTE
    ..\Core\Src\ssd1306_font.c               0x00000000   Number         0  ssd1306_font.o ABSOLUTE
    ..\Core\Src\stm32f1xx_hal_msp.c          0x00000000   Number         0  stm32f1xx_hal_msp.o ABSOLUTE
    ..\Core\Src\stm32f1xx_it.c               0x00000000   Number         0  stm32f1xx_it.o ABSOLUTE
    ..\Core\Src\system_stm32f1xx.c           0x00000000   Number         0  system_stm32f1xx.o ABSOLUTE
    ..\Drivers\STM32F1xx_HAL_Driver\Src\stm32f1xx_hal.c 0x00000000   Number         0  stm32f1xx_hal.o ABSOLUTE
    ..\Drivers\STM32F1xx_HAL_Driver\Src\stm32f1xx_hal_cortex.c 0x00000000   Number         0  stm32f1xx_hal_cortex.o ABSOLUTE
    ..\Drivers\STM32F1xx_HAL_Driver\Src\stm32f1xx_hal_dma.c 0x00000000   Number         0  stm32f1xx_hal_dma.o ABSOLUTE
    ..\Drivers\STM32F1xx_HAL_Driver\Src\stm32f1xx_hal_exti.c 0x00000000   Number         0  stm32f1xx_hal_exti.o ABSOLUTE
    ..\Drivers\STM32F1xx_HAL_Driver\Src\stm32f1xx_hal_flash.c 0x00000000   Number         0  stm32f1xx_hal_flash.o ABSOLUTE
    ..\Drivers\STM32F1xx_HAL_Driver\Src\stm32f1xx_hal_flash_ex.c 0x00000000   Number         0  stm32f1xx_hal_flash_ex.o ABSOLUTE
    ..\Drivers\STM32F1xx_HAL_Driver\Src\stm32f1xx_hal_gpio.c 0x00000000   Number         0  stm32f1xx_hal_gpio.o ABSOLUTE
    ..\Drivers\STM32F1xx_HAL_Driver\Src\stm32f1xx_hal_gpio_ex.c 0x00000000   Number         0  stm32f1xx_hal_gpio_ex.o ABSOLUTE
    ..\Drivers\STM32F1xx_HAL_Driver\Src\stm32f1xx_hal_i2c.c 0x00000000   Number         0  stm32f1xx_hal_i2c.o ABSOLUTE
    ..\Drivers\STM32F1xx_HAL_Driver\Src\stm32f1xx_hal_pwr.c 0x00000000   Number         0  stm32f1xx_hal_pwr.o ABSOLUTE
    ..\Drivers\STM32F1xx_HAL_Driver\Src\stm32f1xx_hal_rcc.c 0x00000000   Number         0  stm32f1xx_hal_rcc.o ABSOLUTE
    ..\Drivers\STM32F1xx_HAL_Driver\Src\stm32f1xx_hal_rcc_ex.c 0x00000000   Number         0  stm32f1xx_hal_rcc_ex.o ABSOLUTE
    ..\Drivers\STM32F1xx_HAL_Driver\Src\stm32f1xx_hal_rtc.c 0x00000000   Number         0  stm32f1xx_hal_rtc.o ABSOLUTE
    ..\Drivers\STM32F1xx_HAL_Driver\Src\stm32f1xx_hal_rtc_ex.c 0x00000000   Number         0  stm32f1xx_hal_rtc_ex.o ABSOLUTE
    ..\Drivers\STM32F1xx_HAL_Driver\Src\stm32f1xx_hal_tim.c 0x00000000   Number         0  stm32f1xx_hal_tim.o ABSOLUTE
    ..\Drivers\STM32F1xx_HAL_Driver\Src\stm32f1xx_hal_tim_ex.c 0x00000000   Number         0  stm32f1xx_hal_tim_ex.o ABSOLUTE
    ..\\Core\\Src\\ssd1306.c                 0x00000000   Number         0  ssd1306.o ABSOLUTE
    cdrcmple.s                               0x00000000   Number         0  cdrcmple.o ABSOLUTE
    dc.s                                     0x00000000   Number         0  dc.o ABSOLUTE
    handlers.s                               0x00000000   Number         0  handlers.o ABSOLUTE
    init.s                                   0x00000000   Number         0  init.o ABSOLUTE
    startup_stm32f103xb.s                    0x00000000   Number         0  startup_stm32f103xb.o ABSOLUTE
    RESET                                    0x08000000   Section      236  startup_stm32f103xb.o(RESET)
    .ARM.Collect$$$$00000000                 0x080000ec   Section        0  entry.o(.ARM.Collect$$$$00000000)
    .ARM.Collect$$$$00000001                 0x080000ec   Section        4  entry2.o(.ARM.Collect$$$$00000001)
    .ARM.Collect$$$$00000004                 0x080000f0   Section        4  entry5.o(.ARM.Collect$$$$00000004)
    .ARM.Collect$$$$00000008                 0x080000f4   Section        0  entry7b.o(.ARM.Collect$$$$00000008)
    .ARM.Collect$$$$0000000A                 0x080000f4   Section        0  entry8b.o(.ARM.Collect$$$$0000000A)
    .ARM.Collect$$$$0000000B                 0x080000f4   Section        8  entry9a.o(.ARM.Collect$$$$0000000B)
    .ARM.Collect$$$$0000000D                 0x080000fc   Section        0  entry10a.o(.ARM.Collect$$$$0000000D)
    .ARM.Collect$$$$0000000F                 0x080000fc   Section        0  entry11a.o(.ARM.Collect$$$$0000000F)
    .ARM.Collect$$$$00002712                 0x080000fc   Section        4  entry2.o(.ARM.Collect$$$$00002712)
    __lit__00000000                          0x080000fc   Data           4  entry2.o(.ARM.Collect$$$$00002712)
    .text                                    0x08000100   Section       36  startup_stm32f103xb.o(.text)
    .text                                    0x08000124   Section        0  memseta.o(.text)
    .text                                    0x08000148   Section        0  uidiv.o(.text)
    .text                                    0x08000174   Section       36  init.o(.text)
    .text                                    0x08000198   Section        0  __dclz77c.o(.text)
    i.BusFault_Handler                       0x080001f6   Section        0  stm32f1xx_it.o(i.BusFault_Handler)
    i.DebugMon_Handler                       0x080001f8   Section        0  stm32f1xx_it.o(i.DebugMon_Handler)
    i.EXTI15_10_IRQHandler                   0x080001fa   Section        0  stm32f1xx_it.o(i.EXTI15_10_IRQHandler)
    i.Error_Handler                          0x08000210   Section        0  main.o(i.Error_Handler)
    i.HAL_DMA_Abort_IT                       0x08000214   Section        0  stm32f1xx_hal_dma.o(i.HAL_DMA_Abort_IT)
    i.HAL_DMA_GetState                       0x080002ac   Section        0  stm32f1xx_hal_dma.o(i.HAL_DMA_GetState)
    i.HAL_Delay                              0x080002b4   Section        0  stm32f1xx_hal.o(i.HAL_Delay)
    i.HAL_GPIO_EXTI_Callback                 0x080002d8   Section        0  main.o(i.HAL_GPIO_EXTI_Callback)
    i.HAL_GPIO_EXTI_IRQHandler               0x0800037c   Section        0  stm32f1xx_hal_gpio.o(i.HAL_GPIO_EXTI_IRQHandler)
    i.HAL_GPIO_Init                          0x08000394   Section        0  stm32f1xx_hal_gpio.o(i.HAL_GPIO_Init)
    i.HAL_GPIO_ReadPin                       0x08000574   Section        0  stm32f1xx_hal_gpio.o(i.HAL_GPIO_ReadPin)
    i.HAL_GPIO_WritePin                      0x0800057e   Section        0  stm32f1xx_hal_gpio.o(i.HAL_GPIO_WritePin)
    i.HAL_GetTick                            0x08000588   Section        0  stm32f1xx_hal.o(i.HAL_GetTick)
    i.HAL_I2C_AbortCpltCallback              0x08000594   Section        0  stm32f1xx_hal_i2c.o(i.HAL_I2C_AbortCpltCallback)
    i.HAL_I2C_AddrCallback                   0x08000596   Section        0  stm32f1xx_hal_i2c.o(i.HAL_I2C_AddrCallback)
    i.HAL_I2C_EV_IRQHandler                  0x08000598   Section        0  stm32f1xx_hal_i2c.o(i.HAL_I2C_EV_IRQHandler)
    i.HAL_I2C_ErrorCallback                  0x080007c8   Section        0  stm32f1xx_hal_i2c.o(i.HAL_I2C_ErrorCallback)
    i.HAL_I2C_Init                           0x080007cc   Section        0  stm32f1xx_hal_i2c.o(i.HAL_I2C_Init)
    i.HAL_I2C_ListenCpltCallback             0x08000954   Section        0  stm32f1xx_hal_i2c.o(i.HAL_I2C_ListenCpltCallback)
    i.HAL_I2C_MasterRxCpltCallback           0x08000956   Section        0  stm32f1xx_hal_i2c.o(i.HAL_I2C_MasterRxCpltCallback)
    i.HAL_I2C_MasterTxCpltCallback           0x08000958   Section        0  stm32f1xx_hal_i2c.o(i.HAL_I2C_MasterTxCpltCallback)
    i.HAL_I2C_MemRxCpltCallback              0x0800095a   Section        0  stm32f1xx_hal_i2c.o(i.HAL_I2C_MemRxCpltCallback)
    i.HAL_I2C_MemTxCpltCallback              0x0800095c   Section        0  stm32f1xx_hal_i2c.o(i.HAL_I2C_MemTxCpltCallback)
    i.HAL_I2C_Mem_Write                      0x08000960   Section        0  stm32f1xx_hal_i2c.o(i.HAL_I2C_Mem_Write)
    i.HAL_I2C_MspInit                        0x08000a90   Section        0  i2c.o(i.HAL_I2C_MspInit)
    i.HAL_I2C_SlaveRxCpltCallback            0x08000afc   Section        0  stm32f1xx_hal_i2c.o(i.HAL_I2C_SlaveRxCpltCallback)
    i.HAL_I2C_SlaveTxCpltCallback            0x08000afe   Section        0  stm32f1xx_hal_i2c.o(i.HAL_I2C_SlaveTxCpltCallback)
    i.HAL_IncTick                            0x08000b00   Section        0  stm32f1xx_hal.o(i.HAL_IncTick)
    i.HAL_Init                               0x08000b10   Section        0  stm32f1xx_hal.o(i.HAL_Init)
    i.HAL_InitTick                           0x08000b34   Section        0  stm32f1xx_hal.o(i.HAL_InitTick)
    i.HAL_MspInit                            0x08000b74   Section        0  stm32f1xx_hal_msp.o(i.HAL_MspInit)
    i.HAL_NVIC_EnableIRQ                     0x08000bb0   Section        0  stm32f1xx_hal_cortex.o(i.HAL_NVIC_EnableIRQ)
    i.HAL_NVIC_SetPriority                   0x08000bcc   Section        0  stm32f1xx_hal_cortex.o(i.HAL_NVIC_SetPriority)
    i.HAL_NVIC_SetPriorityGrouping           0x08000c0c   Section        0  stm32f1xx_hal_cortex.o(i.HAL_NVIC_SetPriorityGrouping)
    i.HAL_PWR_EnableBkUpAccess               0x08000c30   Section        0  stm32f1xx_hal_pwr.o(i.HAL_PWR_EnableBkUpAccess)
    i.HAL_RCCEx_GetPeriphCLKFreq             0x08000c3c   Section        0  stm32f1xx_hal_rcc_ex.o(i.HAL_RCCEx_GetPeriphCLKFreq)
    i.HAL_RCCEx_PeriphCLKConfig              0x08000d04   Section        0  stm32f1xx_hal_rcc_ex.o(i.HAL_RCCEx_PeriphCLKConfig)
    i.HAL_RCC_ClockConfig                    0x08000df0   Section        0  stm32f1xx_hal_rcc.o(i.HAL_RCC_ClockConfig)
    i.HAL_RCC_GetPCLK1Freq                   0x08000f1c   Section        0  stm32f1xx_hal_rcc.o(i.HAL_RCC_GetPCLK1Freq)
    i.HAL_RCC_GetPCLK2Freq                   0x08000f3c   Section        0  stm32f1xx_hal_rcc.o(i.HAL_RCC_GetPCLK2Freq)
    i.HAL_RCC_GetSysClockFreq                0x08000f5c   Section        0  stm32f1xx_hal_rcc.o(i.HAL_RCC_GetSysClockFreq)
    i.HAL_RCC_OscConfig                      0x08000fc8   Section        0  stm32f1xx_hal_rcc.o(i.HAL_RCC_OscConfig)
    i.HAL_RTCEx_BKUPRead                     0x080012e8   Section        0  stm32f1xx_hal_rtc_ex.o(i.HAL_RTCEx_BKUPRead)
    i.HAL_RTCEx_BKUPWrite                    0x080012f8   Section        0  stm32f1xx_hal_rtc_ex.o(i.HAL_RTCEx_BKUPWrite)
    i.HAL_RTCEx_RTCEventCallback             0x08001308   Section        0  stm32f1xx_hal_rtc_ex.o(i.HAL_RTCEx_RTCEventCallback)
    i.HAL_RTCEx_RTCEventErrorCallback        0x0800130a   Section        0  stm32f1xx_hal_rtc_ex.o(i.HAL_RTCEx_RTCEventErrorCallback)
    i.HAL_RTCEx_RTCIRQHandler                0x0800130c   Section        0  stm32f1xx_hal_rtc_ex.o(i.HAL_RTCEx_RTCIRQHandler)
    i.HAL_RTC_AlarmAEventCallback            0x0800134a   Section        0  stm32f1xx_hal_rtc.o(i.HAL_RTC_AlarmAEventCallback)
    i.HAL_RTC_AlarmIRQHandler                0x0800134c   Section        0  stm32f1xx_hal_rtc.o(i.HAL_RTC_AlarmIRQHandler)
    i.HAL_RTC_GetTime                        0x08001380   Section        0  stm32f1xx_hal_rtc.o(i.HAL_RTC_GetTime)
    i.HAL_RTC_Init                           0x08001458   Section        0  stm32f1xx_hal_rtc.o(i.HAL_RTC_Init)
    i.HAL_RTC_MspInit                        0x080014f8   Section        0  rtc.o(i.HAL_RTC_MspInit)
    i.HAL_RTC_SetAlarm_IT                    0x08001550   Section        0  stm32f1xx_hal_rtc.o(i.HAL_RTC_SetAlarm_IT)
    i.HAL_RTC_SetDate                        0x0800163c   Section        0  stm32f1xx_hal_rtc.o(i.HAL_RTC_SetDate)
    i.HAL_RTC_SetTime                        0x08001700   Section        0  stm32f1xx_hal_rtc.o(i.HAL_RTC_SetTime)
    i.HAL_RTC_WaitForSynchro                 0x080017ac   Section        0  stm32f1xx_hal_rtc.o(i.HAL_RTC_WaitForSynchro)
    i.HAL_SYSTICK_Config                     0x080017e6   Section        0  stm32f1xx_hal_cortex.o(i.HAL_SYSTICK_Config)
    i.HardFault_Handler                      0x0800180e   Section        0  stm32f1xx_it.o(i.HardFault_Handler)
    i.I2C1_EV_IRQHandler                     0x08001810   Section        0  stm32f1xx_it.o(i.I2C1_EV_IRQHandler)
    i.I2C_DMAAbort                           0x0800181c   Section        0  stm32f1xx_hal_i2c.o(i.I2C_DMAAbort)
    I2C_DMAAbort                             0x0800181d   Thumb Code   182  stm32f1xx_hal_i2c.o(i.I2C_DMAAbort)
    i.I2C_ITError                            0x080018d8   Section        0  stm32f1xx_hal_i2c.o(i.I2C_ITError)
    I2C_ITError                              0x080018d9   Thumb Code   336  stm32f1xx_hal_i2c.o(i.I2C_ITError)
    i.I2C_IsAcknowledgeFailed                0x08001a30   Section        0  stm32f1xx_hal_i2c.o(i.I2C_IsAcknowledgeFailed)
    I2C_IsAcknowledgeFailed                  0x08001a31   Thumb Code    46  stm32f1xx_hal_i2c.o(i.I2C_IsAcknowledgeFailed)
    i.I2C_MasterReceive_BTF                  0x08001a5e   Section        0  stm32f1xx_hal_i2c.o(i.I2C_MasterReceive_BTF)
    I2C_MasterReceive_BTF                    0x08001a5f   Thumb Code   210  stm32f1xx_hal_i2c.o(i.I2C_MasterReceive_BTF)
    i.I2C_MasterReceive_RXNE                 0x08001b30   Section        0  stm32f1xx_hal_i2c.o(i.I2C_MasterReceive_RXNE)
    I2C_MasterReceive_RXNE                   0x08001b31   Thumb Code   228  stm32f1xx_hal_i2c.o(i.I2C_MasterReceive_RXNE)
    i.I2C_MasterTransmit_BTF                 0x08001c18   Section        0  stm32f1xx_hal_i2c.o(i.I2C_MasterTransmit_BTF)
    I2C_MasterTransmit_BTF                   0x08001c19   Thumb Code   130  stm32f1xx_hal_i2c.o(i.I2C_MasterTransmit_BTF)
    i.I2C_MasterTransmit_TXE                 0x08001c9c   Section        0  stm32f1xx_hal_i2c.o(i.I2C_MasterTransmit_TXE)
    I2C_MasterTransmit_TXE                   0x08001c9d   Thumb Code   182  stm32f1xx_hal_i2c.o(i.I2C_MasterTransmit_TXE)
    i.I2C_Master_ADDR                        0x08001d54   Section        0  stm32f1xx_hal_i2c.o(i.I2C_Master_ADDR)
    I2C_Master_ADDR                          0x08001d55   Thumb Code   340  stm32f1xx_hal_i2c.o(i.I2C_Master_ADDR)
    i.I2C_Master_SB                          0x08001eac   Section        0  stm32f1xx_hal_i2c.o(i.I2C_Master_SB)
    I2C_Master_SB                            0x08001ead   Thumb Code   140  stm32f1xx_hal_i2c.o(i.I2C_Master_SB)
    i.I2C_MemoryTransmit_TXE_BTF             0x08001f38   Section        0  stm32f1xx_hal_i2c.o(i.I2C_MemoryTransmit_TXE_BTF)
    I2C_MemoryTransmit_TXE_BTF               0x08001f39   Thumb Code   160  stm32f1xx_hal_i2c.o(i.I2C_MemoryTransmit_TXE_BTF)
    i.I2C_RequestMemoryWrite                 0x08001fd8   Section        0  stm32f1xx_hal_i2c.o(i.I2C_RequestMemoryWrite)
    I2C_RequestMemoryWrite                   0x08001fd9   Thumb Code   162  stm32f1xx_hal_i2c.o(i.I2C_RequestMemoryWrite)
    i.I2C_Slave_ADDR                         0x08002080   Section        0  stm32f1xx_hal_i2c.o(i.I2C_Slave_ADDR)
    I2C_Slave_ADDR                           0x08002081   Thumb Code    70  stm32f1xx_hal_i2c.o(i.I2C_Slave_ADDR)
    i.I2C_Slave_STOPF                        0x080020c8   Section        0  stm32f1xx_hal_i2c.o(i.I2C_Slave_STOPF)
    I2C_Slave_STOPF                          0x080020c9   Thumb Code   338  stm32f1xx_hal_i2c.o(i.I2C_Slave_STOPF)
    i.I2C_WaitOnBTFFlagUntilTimeout          0x08002224   Section        0  stm32f1xx_hal_i2c.o(i.I2C_WaitOnBTFFlagUntilTimeout)
    I2C_WaitOnBTFFlagUntilTimeout            0x08002225   Thumb Code    76  stm32f1xx_hal_i2c.o(i.I2C_WaitOnBTFFlagUntilTimeout)
    i.I2C_WaitOnFlagUntilTimeout             0x08002270   Section        0  stm32f1xx_hal_i2c.o(i.I2C_WaitOnFlagUntilTimeout)
    I2C_WaitOnFlagUntilTimeout               0x08002271   Thumb Code   104  stm32f1xx_hal_i2c.o(i.I2C_WaitOnFlagUntilTimeout)
    i.I2C_WaitOnMasterAddressFlagUntilTimeout 0x080022d8   Section        0  stm32f1xx_hal_i2c.o(i.I2C_WaitOnMasterAddressFlagUntilTimeout)
    I2C_WaitOnMasterAddressFlagUntilTimeout  0x080022d9   Thumb Code   150  stm32f1xx_hal_i2c.o(i.I2C_WaitOnMasterAddressFlagUntilTimeout)
    i.I2C_WaitOnTXEFlagUntilTimeout          0x0800236e   Section        0  stm32f1xx_hal_i2c.o(i.I2C_WaitOnTXEFlagUntilTimeout)
    I2C_WaitOnTXEFlagUntilTimeout            0x0800236f   Thumb Code    76  stm32f1xx_hal_i2c.o(i.I2C_WaitOnTXEFlagUntilTimeout)
    i.MX_GPIO_Init                           0x080023bc   Section        0  gpio.o(i.MX_GPIO_Init)
    i.MX_I2C1_Init                           0x08002464   Section        0  i2c.o(i.MX_I2C1_Init)
    i.MX_RTC_Init                            0x080024a4   Section        0  rtc.o(i.MX_RTC_Init)
    i.MemManage_Handler                      0x08002554   Section        0  stm32f1xx_it.o(i.MemManage_Handler)
    i.NMI_Handler                            0x08002556   Section        0  stm32f1xx_it.o(i.NMI_Handler)
    i.PendSV_Handler                         0x08002558   Section        0  stm32f1xx_it.o(i.PendSV_Handler)
    i.RTC_Alarm_IRQHandler                   0x0800255c   Section        0  stm32f1xx_it.o(i.RTC_Alarm_IRQHandler)
    i.RTC_Bcd2ToByte                         0x08002568   Section        0  stm32f1xx_hal_rtc.o(i.RTC_Bcd2ToByte)
    RTC_Bcd2ToByte                           0x08002569   Thumb Code    18  stm32f1xx_hal_rtc.o(i.RTC_Bcd2ToByte)
    i.RTC_ByteToBcd2                         0x0800257a   Section        0  stm32f1xx_hal_rtc.o(i.RTC_ByteToBcd2)
    RTC_ByteToBcd2                           0x0800257b   Thumb Code    22  stm32f1xx_hal_rtc.o(i.RTC_ByteToBcd2)
    i.RTC_DateUpdate                         0x08002590   Section        0  stm32f1xx_hal_rtc.o(i.RTC_DateUpdate)
    RTC_DateUpdate                           0x08002591   Thumb Code   174  stm32f1xx_hal_rtc.o(i.RTC_DateUpdate)
    i.RTC_EnterInitMode                      0x0800263e   Section        0  stm32f1xx_hal_rtc.o(i.RTC_EnterInitMode)
    RTC_EnterInitMode                        0x0800263f   Thumb Code    52  stm32f1xx_hal_rtc.o(i.RTC_EnterInitMode)
    i.RTC_ExitInitMode                       0x08002674   Section        0  stm32f1xx_hal_rtc.o(i.RTC_ExitInitMode)
    RTC_ExitInitMode                         0x08002675   Thumb Code    54  stm32f1xx_hal_rtc.o(i.RTC_ExitInitMode)
    i.RTC_IRQHandler                         0x080026ac   Section        0  stm32f1xx_it.o(i.RTC_IRQHandler)
    i.RTC_ReadAlarmCounter                   0x080026b8   Section        0  stm32f1xx_hal_rtc.o(i.RTC_ReadAlarmCounter)
    RTC_ReadAlarmCounter                     0x080026b9   Thumb Code    14  stm32f1xx_hal_rtc.o(i.RTC_ReadAlarmCounter)
    i.RTC_ReadTimeCounter                    0x080026c6   Section        0  stm32f1xx_hal_rtc.o(i.RTC_ReadTimeCounter)
    RTC_ReadTimeCounter                      0x080026c7   Thumb Code    32  stm32f1xx_hal_rtc.o(i.RTC_ReadTimeCounter)
    i.RTC_WeekDayNum                         0x080026e6   Section        0  stm32f1xx_hal_rtc.o(i.RTC_WeekDayNum)
    RTC_WeekDayNum                           0x080026e7   Thumb Code    86  stm32f1xx_hal_rtc.o(i.RTC_WeekDayNum)
    i.RTC_WriteAlarmCounter                  0x0800273c   Section        0  stm32f1xx_hal_rtc.o(i.RTC_WriteAlarmCounter)
    RTC_WriteAlarmCounter                    0x0800273d   Thumb Code    40  stm32f1xx_hal_rtc.o(i.RTC_WriteAlarmCounter)
    i.RTC_WriteTimeCounter                   0x08002764   Section        0  stm32f1xx_hal_rtc.o(i.RTC_WriteTimeCounter)
    RTC_WriteTimeCounter                     0x08002765   Thumb Code    40  stm32f1xx_hal_rtc.o(i.RTC_WriteTimeCounter)
    i.SVC_Handler                            0x0800278c   Section        0  stm32f1xx_it.o(i.SVC_Handler)
    i.SysTick_Handler                        0x0800278e   Section        0  stm32f1xx_it.o(i.SysTick_Handler)
    i.SystemClock_Config                     0x08002792   Section        0  main.o(i.SystemClock_Config)
    i.SystemInit                             0x080027fa   Section        0  system_stm32f1xx.o(i.SystemInit)
    i.UsageFault_Handler                     0x080027fc   Section        0  stm32f1xx_it.o(i.UsageFault_Handler)
    i.__0sprintf$1                           0x08002800   Section        0  printf1.o(i.__0sprintf$1)
    i.__NVIC_SetPriority                     0x08002828   Section        0  stm32f1xx_hal_cortex.o(i.__NVIC_SetPriority)
    __NVIC_SetPriority                       0x08002829   Thumb Code    32  stm32f1xx_hal_cortex.o(i.__NVIC_SetPriority)
    i.__scatterload_copy                     0x08002848   Section       14  handlers.o(i.__scatterload_copy)
    i.__scatterload_null                     0x08002856   Section        2  handlers.o(i.__scatterload_null)
    i.__scatterload_zeroinit                 0x08002858   Section       14  handlers.o(i.__scatterload_zeroinit)
    i._printf_core                           0x08002868   Section        0  printf1.o(i._printf_core)
    _printf_core                             0x08002869   Thumb Code   336  printf1.o(i._printf_core)
    i._sputc                                 0x080029bc   Section        0  printf1.o(i._sputc)
    _sputc                                   0x080029bd   Thumb Code    10  printf1.o(i._sputc)
    i.charge_bump_setting                    0x080029c6   Section        0  ssd1306.o(i.charge_bump_setting)
    i.main                                   0x080029dc   Section        0  main.o(i.main)
    i.set_com_pins_hardware_config           0x08002b04   Section        0  ssd1306.o(i.set_com_pins_hardware_config)
    i.set_contrast_control                   0x08002b22   Section        0  ssd1306.o(i.set_contrast_control)
    i.set_display_clock_divide_ratio_and_osc_freq 0x08002b36   Section        0  ssd1306.o(i.set_display_clock_divide_ratio_and_osc_freq)
    i.set_display_offset                     0x08002b4e   Section        0  ssd1306.o(i.set_display_offset)
    i.set_multiplex_ratio                    0x08002b62   Section        0  ssd1306.o(i.set_multiplex_ratio)
    i.ssd1306_black_pixel                    0x08002b78   Section        0  ssd1306.o(i.ssd1306_black_pixel)
    i.ssd1306_black_screen                   0x08002b98   Section        0  ssd1306.o(i.ssd1306_black_screen)
    i.ssd1306_init                           0x08002bb4   Section        0  ssd1306.o(i.ssd1306_init)
    i.ssd1306_set_cursor                     0x08002c14   Section        0  ssd1306.o(i.ssd1306_set_cursor)
    i.ssd1306_update_screen                  0x08002c20   Section        0  ssd1306.o(i.ssd1306_update_screen)
    i.ssd1306_white_pixel                    0x08002c54   Section        0  ssd1306.o(i.ssd1306_white_pixel)
    i.ssd1306_write_char                     0x08002c74   Section        0  ssd1306.o(i.ssd1306_write_char)
    i.ssd1306_write_command                  0x08002cf8   Section        0  ssd1306.o(i.ssd1306_write_command)
    i.ssd1306_write_data                     0x08002d1c   Section        0  ssd1306.o(i.ssd1306_write_data)
    i.ssd1306_write_string                   0x08002d38   Section        0  ssd1306.o(i.ssd1306_write_string)
    i.write_clock_state                      0x08002d6c   Section        0  main.o(i.write_clock_state)
    .constdata                               0x08002dd4   Section       16  system_stm32f1xx.o(.constdata)
    .constdata                               0x08002de4   Section        8  system_stm32f1xx.o(.constdata)
    .data                                    0x20000000   Section       12  ssd1306.o(.data)
    cursor                                   0x20000000   Data           2  ssd1306.o(.data)
    .data                                    0x2000000c   Section     3420  ssd1306_font.o(.data)
    font11x18_data                           0x2000000c   Data        3420  ssd1306_font.o(.data)
    .data                                    0x20000d68   Section        8  ssd1306_font.o(.data)
    .data                                    0x20000d70   Section       10  main.o(.data)
    .data                                    0x20000d7c   Section       12  stm32f1xx_hal.o(.data)
    .data                                    0x20000d88   Section        4  system_stm32f1xx.o(.data)
    .bss                                     0x20000d8c   Section     1024  ssd1306.o(.bss)
    ssd1306_buffer                           0x20000d8c   Data        1024  ssd1306.o(.bss)
    .bss                                     0x2000118c   Section       40  main.o(.bss)
    .bss                                     0x200011b4   Section       84  i2c.o(.bss)
    .bss                                     0x20001208   Section       20  rtc.o(.bss)
    STACK                                    0x20001220   Section     1024  startup_stm32f103xb.o(STACK)

    Global Symbols

    Symbol Name                              Value     Ov Type        Size  Object(Section)

    BuildAttributes$$THM_ISAv4$P$D$K$B$S$PE$A:L22UL41UL21$X:L11$S22US41US21$IEEE1$IW$USESV6$~STKCKD$USESV7$~SHL$OSPACE$ROPI$EBA8$MICROLIB$REQ8$PRES8$EABIv2 0x00000000   Number         0  anon$$obj.o ABSOLUTE
    __ARM_use_no_argv                        0x00000000   Number         0  main.o ABSOLUTE
    _printf_a                                0x00000000   Number         0  stubs.o ABSOLUTE
    _printf_c                                0x00000000   Number         0  stubs.o ABSOLUTE
    _printf_charcount                        0x00000000   Number         0  stubs.o ABSOLUTE
    _printf_d                                0x00000000   Number         0  stubs.o ABSOLUTE
    _printf_e                                0x00000000   Number         0  stubs.o ABSOLUTE
    _printf_f                                0x00000000   Number         0  stubs.o ABSOLUTE
    _printf_flags                            0x00000000   Number         0  stubs.o ABSOLUTE
    _printf_fp_dec                           0x00000000   Number         0  stubs.o ABSOLUTE
    _printf_fp_hex                           0x00000000   Number         0  stubs.o ABSOLUTE
    _printf_g                                0x00000000   Number         0  stubs.o ABSOLUTE
    _printf_i                                0x00000000   Number         0  stubs.o ABSOLUTE
    _printf_int_dec                          0x00000000   Number         0  stubs.o ABSOLUTE
    _printf_l                                0x00000000   Number         0  stubs.o ABSOLUTE
    _printf_lc                               0x00000000   Number         0  stubs.o ABSOLUTE
    _printf_ll                               0x00000000   Number         0  stubs.o ABSOLUTE
    _printf_lld                              0x00000000   Number         0  stubs.o ABSOLUTE
    _printf_lli                              0x00000000   Number         0  stubs.o ABSOLUTE
    _printf_llo                              0x00000000   Number         0  stubs.o ABSOLUTE
    _printf_llu                              0x00000000   Number         0  stubs.o ABSOLUTE
    _printf_llx                              0x00000000   Number         0  stubs.o ABSOLUTE
    _printf_longlong_dec                     0x00000000   Number         0  stubs.o ABSOLUTE
    _printf_longlong_hex                     0x00000000   Number         0  stubs.o ABSOLUTE
    _printf_longlong_oct                     0x00000000   Number         0  stubs.o ABSOLUTE
    _printf_ls                               0x00000000   Number         0  stubs.o ABSOLUTE
    _printf_mbtowc                           0x00000000   Number         0  stubs.o ABSOLUTE
    _printf_n                                0x00000000   Number         0  stubs.o ABSOLUTE
    _printf_o                                0x00000000   Number         0  stubs.o ABSOLUTE
    _printf_p                                0x00000000   Number         0  stubs.o ABSOLUTE
    _printf_percent                          0x00000000   Number         0  stubs.o ABSOLUTE
    _printf_pre_padding                      0x00000000   Number         0  stubs.o ABSOLUTE
    _printf_return_value                     0x00000000   Number         0  stubs.o ABSOLUTE
    _printf_s                                0x00000000   Number         0  stubs.o ABSOLUTE
    _printf_sizespec                         0x00000000   Number         0  stubs.o ABSOLUTE
    _printf_str                              0x00000000   Number         0  stubs.o ABSOLUTE
    _printf_truncate_signed                  0x00000000   Number         0  stubs.o ABSOLUTE
    _printf_truncate_unsigned                0x00000000   Number         0  stubs.o ABSOLUTE
    _printf_u                                0x00000000   Number         0  stubs.o ABSOLUTE
    _printf_wc                               0x00000000   Number         0  stubs.o ABSOLUTE
    _printf_wctomb                           0x00000000   Number         0  stubs.o ABSOLUTE
    _printf_widthprec                        0x00000000   Number         0  stubs.o ABSOLUTE
    _printf_x                                0x00000000   Number         0  stubs.o ABSOLUTE
    __cpp_initialize__aeabi_                  - Undefined Weak Reference
    __cxa_finalize                            - Undefined Weak Reference
    _clock_init                               - Undefined Weak Reference
    _microlib_exit                            - Undefined Weak Reference
    __Vectors_Size                           0x000000ec   Number         0  startup_stm32f103xb.o ABSOLUTE
    __Vectors                                0x08000000   Data           4  startup_stm32f103xb.o(RESET)
    __Vectors_End                            0x080000ec   Data           0  startup_stm32f103xb.o(RESET)
    __main                                   0x080000ed   Thumb Code     0  entry.o(.ARM.Collect$$$$00000000)
    _main_stk                                0x080000ed   Thumb Code     0  entry2.o(.ARM.Collect$$$$00000001)
    _main_scatterload                        0x080000f1   Thumb Code     0  entry5.o(.ARM.Collect$$$$00000004)
    __main_after_scatterload                 0x080000f5   Thumb Code     0  entry5.o(.ARM.Collect$$$$00000004)
    _main_clock                              0x080000f5   Thumb Code     0  entry7b.o(.ARM.Collect$$$$00000008)
    _main_cpp_init                           0x080000f5   Thumb Code     0  entry8b.o(.ARM.Collect$$$$0000000A)
    _main_init                               0x080000f5   Thumb Code     0  entry9a.o(.ARM.Collect$$$$0000000B)
    __rt_final_cpp                           0x080000fd   Thumb Code     0  entry10a.o(.ARM.Collect$$$$0000000D)
    __rt_final_exit                          0x080000fd   Thumb Code     0  entry11a.o(.ARM.Collect$$$$0000000F)
    Reset_Handler                            0x08000101   Thumb Code     8  startup_stm32f103xb.o(.text)
    ADC1_2_IRQHandler                        0x0800011b   Thumb Code     0  startup_stm32f103xb.o(.text)
    CAN1_RX1_IRQHandler                      0x0800011b   Thumb Code     0  startup_stm32f103xb.o(.text)
    CAN1_SCE_IRQHandler                      0x0800011b   Thumb Code     0  startup_stm32f103xb.o(.text)
    DMA1_Channel1_IRQHandler                 0x0800011b   Thumb Code     0  startup_stm32f103xb.o(.text)
    DMA1_Channel2_IRQHandler                 0x0800011b   Thumb Code     0  startup_stm32f103xb.o(.text)
    DMA1_Channel3_IRQHandler                 0x0800011b   Thumb Code     0  startup_stm32f103xb.o(.text)
    DMA1_Channel4_IRQHandler                 0x0800011b   Thumb Code     0  startup_stm32f103xb.o(.text)
    DMA1_Channel5_IRQHandler                 0x0800011b   Thumb Code     0  startup_stm32f103xb.o(.text)
    DMA1_Channel6_IRQHandler                 0x0800011b   Thumb Code     0  startup_stm32f103xb.o(.text)
    DMA1_Channel7_IRQHandler                 0x0800011b   Thumb Code     0  startup_stm32f103xb.o(.text)
    EXTI0_IRQHandler                         0x0800011b   Thumb Code     0  startup_stm32f103xb.o(.text)
    EXTI1_IRQHandler                         0x0800011b   Thumb Code     0  startup_stm32f103xb.o(.text)
    EXTI2_IRQHandler                         0x0800011b   Thumb Code     0  startup_stm32f103xb.o(.text)
    EXTI3_IRQHandler                         0x0800011b   Thumb Code     0  startup_stm32f103xb.o(.text)
    EXTI4_IRQHandler                         0x0800011b   Thumb Code     0  startup_stm32f103xb.o(.text)
    EXTI9_5_IRQHandler                       0x0800011b   Thumb Code     0  startup_stm32f103xb.o(.text)
    FLASH_IRQHandler                         0x0800011b   Thumb Code     0  startup_stm32f103xb.o(.text)
    I2C1_ER_IRQHandler                       0x0800011b   Thumb Code     0  startup_stm32f103xb.o(.text)
    I2C2_ER_IRQHandler                       0x0800011b   Thumb Code     0  startup_stm32f103xb.o(.text)
    I2C2_EV_IRQHandler                       0x0800011b   Thumb Code     0  startup_stm32f103xb.o(.text)
    PVD_IRQHandler                           0x0800011b   Thumb Code     0  startup_stm32f103xb.o(.text)
    RCC_IRQHandler                           0x0800011b   Thumb Code     0  startup_stm32f103xb.o(.text)
    SPI1_IRQHandler                          0x0800011b   Thumb Code     0  startup_stm32f103xb.o(.text)
    SPI2_IRQHandler                          0x0800011b   Thumb Code     0  startup_stm32f103xb.o(.text)
    TAMPER_IRQHandler                        0x0800011b   Thumb Code     0  startup_stm32f103xb.o(.text)
    TIM1_BRK_IRQHandler                      0x0800011b   Thumb Code     0  startup_stm32f103xb.o(.text)
    TIM1_CC_IRQHandler                       0x0800011b   Thumb Code     0  startup_stm32f103xb.o(.text)
    TIM1_TRG_COM_IRQHandler                  0x0800011b   Thumb Code     0  startup_stm32f103xb.o(.text)
    TIM1_UP_IRQHandler                       0x0800011b   Thumb Code     0  startup_stm32f103xb.o(.text)
    TIM2_IRQHandler                          0x0800011b   Thumb Code     0  startup_stm32f103xb.o(.text)
    TIM3_IRQHandler                          0x0800011b   Thumb Code     0  startup_stm32f103xb.o(.text)
    TIM4_IRQHandler                          0x0800011b   Thumb Code     0  startup_stm32f103xb.o(.text)
    USART1_IRQHandler                        0x0800011b   Thumb Code     0  startup_stm32f103xb.o(.text)
    USART2_IRQHandler                        0x0800011b   Thumb Code     0  startup_stm32f103xb.o(.text)
    USART3_IRQHandler                        0x0800011b   Thumb Code     0  startup_stm32f103xb.o(.text)
    USBWakeUp_IRQHandler                     0x0800011b   Thumb Code     0  startup_stm32f103xb.o(.text)
    USB_HP_CAN1_TX_IRQHandler                0x0800011b   Thumb Code     0  startup_stm32f103xb.o(.text)
    USB_LP_CAN1_RX0_IRQHandler               0x0800011b   Thumb Code     0  startup_stm32f103xb.o(.text)
    WWDG_IRQHandler                          0x0800011b   Thumb Code     0  startup_stm32f103xb.o(.text)
    __aeabi_memset                           0x08000125   Thumb Code    14  memseta.o(.text)
    __aeabi_memset4                          0x08000125   Thumb Code     0  memseta.o(.text)
    __aeabi_memset8                          0x08000125   Thumb Code     0  memseta.o(.text)
    __aeabi_memclr                           0x08000133   Thumb Code     4  memseta.o(.text)
    __aeabi_memclr4                          0x08000133   Thumb Code     0  memseta.o(.text)
    __aeabi_memclr8                          0x08000133   Thumb Code     0  memseta.o(.text)
    _memset$wrapper                          0x08000137   Thumb Code    18  memseta.o(.text)
    __aeabi_uidiv                            0x08000149   Thumb Code     0  uidiv.o(.text)
    __aeabi_uidivmod                         0x08000149   Thumb Code    44  uidiv.o(.text)
    __scatterload                            0x08000175   Thumb Code    28  init.o(.text)
    __scatterload_rt2                        0x08000175   Thumb Code     0  init.o(.text)
    __decompress                             0x08000199   Thumb Code     0  __dclz77c.o(.text)
    __decompress2                            0x08000199   Thumb Code    94  __dclz77c.o(.text)
    BusFault_Handler                         0x080001f7   Thumb Code     2  stm32f1xx_it.o(i.BusFault_Handler)
    DebugMon_Handler                         0x080001f9   Thumb Code     2  stm32f1xx_it.o(i.DebugMon_Handler)
    EXTI15_10_IRQHandler                     0x080001fb   Thumb Code    22  stm32f1xx_it.o(i.EXTI15_10_IRQHandler)
    Error_Handler                            0x08000211   Thumb Code     2  main.o(i.Error_Handler)
    HAL_DMA_Abort_IT                         0x08000215   Thumb Code   148  stm32f1xx_hal_dma.o(i.HAL_DMA_Abort_IT)
    HAL_DMA_GetState                         0x080002ad   Thumb Code     6  stm32f1xx_hal_dma.o(i.HAL_DMA_GetState)
    HAL_Delay                                0x080002b5   Thumb Code    32  stm32f1xx_hal.o(i.HAL_Delay)
    HAL_GPIO_EXTI_Callback                   0x080002d9   Thumb Code   156  main.o(i.HAL_GPIO_EXTI_Callback)
    HAL_GPIO_EXTI_IRQHandler                 0x0800037d   Thumb Code    18  stm32f1xx_hal_gpio.o(i.HAL_GPIO_EXTI_IRQHandler)
    HAL_GPIO_Init                            0x08000395   Thumb Code   446  stm32f1xx_hal_gpio.o(i.HAL_GPIO_Init)
    HAL_GPIO_ReadPin                         0x08000575   Thumb Code    10  stm32f1xx_hal_gpio.o(i.HAL_GPIO_ReadPin)
    HAL_GPIO_WritePin                        0x0800057f   Thumb Code    10  stm32f1xx_hal_gpio.o(i.HAL_GPIO_WritePin)
    HAL_GetTick                              0x08000589   Thumb Code     6  stm32f1xx_hal.o(i.HAL_GetTick)
    HAL_I2C_AbortCpltCallback                0x08000595   Thumb Code     2  stm32f1xx_hal_i2c.o(i.HAL_I2C_AbortCpltCallback)
    HAL_I2C_AddrCallback                     0x08000597   Thumb Code     2  stm32f1xx_hal_i2c.o(i.HAL_I2C_AddrCallback)
    HAL_I2C_EV_IRQHandler                    0x08000599   Thumb Code   560  stm32f1xx_hal_i2c.o(i.HAL_I2C_EV_IRQHandler)
    HAL_I2C_ErrorCallback                    0x080007c9   Thumb Code     2  stm32f1xx_hal_i2c.o(i.HAL_I2C_ErrorCallback)
    HAL_I2C_Init                             0x080007cd   Thumb Code   376  stm32f1xx_hal_i2c.o(i.HAL_I2C_Init)
    HAL_I2C_ListenCpltCallback               0x08000955   Thumb Code     2  stm32f1xx_hal_i2c.o(i.HAL_I2C_ListenCpltCallback)
    HAL_I2C_MasterRxCpltCallback             0x08000957   Thumb Code     2  stm32f1xx_hal_i2c.o(i.HAL_I2C_MasterRxCpltCallback)
    HAL_I2C_MasterTxCpltCallback             0x08000959   Thumb Code     2  stm32f1xx_hal_i2c.o(i.HAL_I2C_MasterTxCpltCallback)
    HAL_I2C_MemRxCpltCallback                0x0800095b   Thumb Code     2  stm32f1xx_hal_i2c.o(i.HAL_I2C_MemRxCpltCallback)
    HAL_I2C_MemTxCpltCallback                0x0800095d   Thumb Code     2  stm32f1xx_hal_i2c.o(i.HAL_I2C_MemTxCpltCallback)
    HAL_I2C_Mem_Write                        0x08000961   Thumb Code   294  stm32f1xx_hal_i2c.o(i.HAL_I2C_Mem_Write)
    HAL_I2C_MspInit                          0x08000a91   Thumb Code    96  i2c.o(i.HAL_I2C_MspInit)
    HAL_I2C_SlaveRxCpltCallback              0x08000afd   Thumb Code     2  stm32f1xx_hal_i2c.o(i.HAL_I2C_SlaveRxCpltCallback)
    HAL_I2C_SlaveTxCpltCallback              0x08000aff   Thumb Code     2  stm32f1xx_hal_i2c.o(i.HAL_I2C_SlaveTxCpltCallback)
    HAL_IncTick                              0x08000b01   Thumb Code    12  stm32f1xx_hal.o(i.HAL_IncTick)
    HAL_Init                                 0x08000b11   Thumb Code    32  stm32f1xx_hal.o(i.HAL_Init)
    HAL_InitTick                             0x08000b35   Thumb Code    54  stm32f1xx_hal.o(i.HAL_InitTick)
    HAL_MspInit                              0x08000b75   Thumb Code    52  stm32f1xx_hal_msp.o(i.HAL_MspInit)
    HAL_NVIC_EnableIRQ                       0x08000bb1   Thumb Code    26  stm32f1xx_hal_cortex.o(i.HAL_NVIC_EnableIRQ)
    HAL_NVIC_SetPriority                     0x08000bcd   Thumb Code    60  stm32f1xx_hal_cortex.o(i.HAL_NVIC_SetPriority)
    HAL_NVIC_SetPriorityGrouping             0x08000c0d   Thumb Code    26  stm32f1xx_hal_cortex.o(i.HAL_NVIC_SetPriorityGrouping)
    HAL_PWR_EnableBkUpAccess                 0x08000c31   Thumb Code     8  stm32f1xx_hal_pwr.o(i.HAL_PWR_EnableBkUpAccess)
    HAL_RCCEx_GetPeriphCLKFreq               0x08000c3d   Thumb Code   166  stm32f1xx_hal_rcc_ex.o(i.HAL_RCCEx_GetPeriphCLKFreq)
    HAL_RCCEx_PeriphCLKConfig                0x08000d05   Thumb Code   224  stm32f1xx_hal_rcc_ex.o(i.HAL_RCCEx_PeriphCLKConfig)
    HAL_RCC_ClockConfig                      0x08000df1   Thumb Code   280  stm32f1xx_hal_rcc.o(i.HAL_RCC_ClockConfig)
    HAL_RCC_GetPCLK1Freq                     0x08000f1d   Thumb Code    20  stm32f1xx_hal_rcc.o(i.HAL_RCC_GetPCLK1Freq)
    HAL_RCC_GetPCLK2Freq                     0x08000f3d   Thumb Code    20  stm32f1xx_hal_rcc.o(i.HAL_RCC_GetPCLK2Freq)
    HAL_RCC_GetSysClockFreq                  0x08000f5d   Thumb Code    74  stm32f1xx_hal_rcc.o(i.HAL_RCC_GetSysClockFreq)
    HAL_RCC_OscConfig                        0x08000fc9   Thumb Code   778  stm32f1xx_hal_rcc.o(i.HAL_RCC_OscConfig)
    HAL_RTCEx_BKUPRead                       0x080012e9   Thumb Code    10  stm32f1xx_hal_rtc_ex.o(i.HAL_RTCEx_BKUPRead)
    HAL_RTCEx_BKUPWrite                      0x080012f9   Thumb Code    12  stm32f1xx_hal_rtc_ex.o(i.HAL_RTCEx_BKUPWrite)
    HAL_RTCEx_RTCEventCallback               0x08001309   Thumb Code     2  stm32f1xx_hal_rtc_ex.o(i.HAL_RTCEx_RTCEventCallback)
    HAL_RTCEx_RTCEventErrorCallback          0x0800130b   Thumb Code     2  stm32f1xx_hal_rtc_ex.o(i.HAL_RTCEx_RTCEventErrorCallback)
    HAL_RTCEx_RTCIRQHandler                  0x0800130d   Thumb Code    62  stm32f1xx_hal_rtc_ex.o(i.HAL_RTCEx_RTCIRQHandler)
    HAL_RTC_AlarmAEventCallback              0x0800134b   Thumb Code     2  stm32f1xx_hal_rtc.o(i.HAL_RTC_AlarmAEventCallback)
    HAL_RTC_AlarmIRQHandler                  0x0800134d   Thumb Code    48  stm32f1xx_hal_rtc.o(i.HAL_RTC_AlarmIRQHandler)
    HAL_RTC_GetTime                          0x08001381   Thumb Code   216  stm32f1xx_hal_rtc.o(i.HAL_RTC_GetTime)
    HAL_RTC_Init                             0x08001459   Thumb Code   154  stm32f1xx_hal_rtc.o(i.HAL_RTC_Init)
    HAL_RTC_MspInit                          0x080014f9   Thumb Code    76  rtc.o(i.HAL_RTC_MspInit)
    HAL_RTC_SetAlarm_IT                      0x08001551   Thumb Code   226  stm32f1xx_hal_rtc.o(i.HAL_RTC_SetAlarm_IT)
    HAL_RTC_SetDate                          0x0800163d   Thumb Code   192  stm32f1xx_hal_rtc.o(i.HAL_RTC_SetDate)
    HAL_RTC_SetTime                          0x08001701   Thumb Code   168  stm32f1xx_hal_rtc.o(i.HAL_RTC_SetTime)
    HAL_RTC_WaitForSynchro                   0x080017ad   Thumb Code    58  stm32f1xx_hal_rtc.o(i.HAL_RTC_WaitForSynchro)
    HAL_SYSTICK_Config                       0x080017e7   Thumb Code    40  stm32f1xx_hal_cortex.o(i.HAL_SYSTICK_Config)
    HardFault_Handler                        0x0800180f   Thumb Code     2  stm32f1xx_it.o(i.HardFault_Handler)
    I2C1_EV_IRQHandler                       0x08001811   Thumb Code     6  stm32f1xx_it.o(i.I2C1_EV_IRQHandler)
    MX_GPIO_Init                             0x080023bd   Thumb Code   154  gpio.o(i.MX_GPIO_Init)
    MX_I2C1_Init                             0x08002465   Thumb Code    50  i2c.o(i.MX_I2C1_Init)
    MX_RTC_Init                              0x080024a5   Thumb Code   166  rtc.o(i.MX_RTC_Init)
    MemManage_Handler                        0x08002555   Thumb Code     2  stm32f1xx_it.o(i.MemManage_Handler)
    NMI_Handler                              0x08002557   Thumb Code     2  stm32f1xx_it.o(i.NMI_Handler)
    PendSV_Handler                           0x08002559   Thumb Code     2  stm32f1xx_it.o(i.PendSV_Handler)
    RTC_Alarm_IRQHandler                     0x0800255d   Thumb Code     6  stm32f1xx_it.o(i.RTC_Alarm_IRQHandler)
    RTC_IRQHandler                           0x080026ad   Thumb Code     6  stm32f1xx_it.o(i.RTC_IRQHandler)
    SVC_Handler                              0x0800278d   Thumb Code     2  stm32f1xx_it.o(i.SVC_Handler)
    SysTick_Handler                          0x0800278f   Thumb Code     4  stm32f1xx_it.o(i.SysTick_Handler)
    SystemClock_Config                       0x08002793   Thumb Code   104  main.o(i.SystemClock_Config)
    SystemInit                               0x080027fb   Thumb Code     2  system_stm32f1xx.o(i.SystemInit)
    UsageFault_Handler                       0x080027fd   Thumb Code     2  stm32f1xx_it.o(i.UsageFault_Handler)
    __0sprintf$1                             0x08002801   Thumb Code    34  printf1.o(i.__0sprintf$1)
    __1sprintf$1                             0x08002801   Thumb Code     0  printf1.o(i.__0sprintf$1)
    __2sprintf                               0x08002801   Thumb Code     0  printf1.o(i.__0sprintf$1)
    __scatterload_copy                       0x08002849   Thumb Code    14  handlers.o(i.__scatterload_copy)
    __scatterload_null                       0x08002857   Thumb Code     2  handlers.o(i.__scatterload_null)
    __scatterload_zeroinit                   0x08002859   Thumb Code    14  handlers.o(i.__scatterload_zeroinit)
    charge_bump_setting                      0x080029c7   Thumb Code    20  ssd1306.o(i.charge_bump_setting)
    main                                     0x080029dd   Thumb Code   228  main.o(i.main)
    set_com_pins_hardware_config             0x08002b05   Thumb Code    30  ssd1306.o(i.set_com_pins_hardware_config)
    set_contrast_control                     0x08002b23   Thumb Code    20  ssd1306.o(i.set_contrast_control)
    set_display_clock_divide_ratio_and_osc_freq 0x08002b37   Thumb Code    24  ssd1306.o(i.set_display_clock_divide_ratio_and_osc_freq)
    set_display_offset                       0x08002b4f   Thumb Code    20  ssd1306.o(i.set_display_offset)
    set_multiplex_ratio                      0x08002b63   Thumb Code    20  ssd1306.o(i.set_multiplex_ratio)
    ssd1306_black_pixel                      0x08002b79   Thumb Code    26  ssd1306.o(i.ssd1306_black_pixel)
    ssd1306_black_screen                     0x08002b99   Thumb Code    22  ssd1306.o(i.ssd1306_black_screen)
    ssd1306_init                             0x08002bb5   Thumb Code    94  ssd1306.o(i.ssd1306_init)
    ssd1306_set_cursor                       0x08002c15   Thumb Code     8  ssd1306.o(i.ssd1306_set_cursor)
    ssd1306_update_screen                    0x08002c21   Thumb Code    48  ssd1306.o(i.ssd1306_update_screen)
    ssd1306_white_pixel                      0x08002c55   Thumb Code    26  ssd1306.o(i.ssd1306_white_pixel)
    ssd1306_write_char                       0x08002c75   Thumb Code   128  ssd1306.o(i.ssd1306_write_char)
    ssd1306_write_command                    0x08002cf9   Thumb Code    32  ssd1306.o(i.ssd1306_write_command)
    ssd1306_write_data                       0x08002d1d   Thumb Code    24  ssd1306.o(i.ssd1306_write_data)
    ssd1306_write_string                     0x08002d39   Thumb Code    46  ssd1306.o(i.ssd1306_write_string)
    write_clock_state                        0x08002d6d   Thumb Code    46  main.o(i.write_clock_state)
    AHBPrescTable                            0x08002dd4   Data          16  system_stm32f1xx.o(.constdata)
    APBPrescTable                            0x08002de4   Data           8  system_stm32f1xx.o(.constdata)
    Region$$Table$$Base                      0x08002dec   Number         0  anon$$obj.o(Region$$Table)
    Region$$Table$$Limit                     0x08002e0c   Number         0  anon$$obj.o(Region$$Table)
    current_font                             0x20000004   Data           8  ssd1306.o(.data)
    font11x18                                0x20000d68   Data           8  ssd1306_font.o(.data)
    minute                                   0x20000d70   Data           1  main.o(.data)
    alarm_minute                             0x20000d71   Data           1  main.o(.data)
    button_state                             0x20000d72   Data           1  main.o(.data)
    alarm_flag                               0x20000d73   Data           1  main.o(.data)
    alarm_on                                 0x20000d74   Data           1  main.o(.data)
    hour                                     0x20000d75   Data           1  main.o(.data)
    alarm_hour                               0x20000d76   Data           1  main.o(.data)
    myTime                                   0x20000d77   Data           3  main.o(.data)
    uwTickFreq                               0x20000d7c   Data           1  stm32f1xx_hal.o(.data)
    uwTickPrio                               0x20000d80   Data           4  stm32f1xx_hal.o(.data)
    uwTick                                   0x20000d84   Data           4  stm32f1xx_hal.o(.data)
    SystemCoreClock                          0x20000d88   Data           4  system_stm32f1xx.o(.data)
    display_buffer                           0x2000118c   Data          20  main.o(.bss)
    button_state_str                         0x200011a0   Data          20  main.o(.bss)
    hi2c1                                    0x200011b4   Data          84  i2c.o(.bss)
    hrtc                                     0x20001208   Data          20  rtc.o(.bss)
    __initial_sp                             0x20001620   Data           0  startup_stm32f103xb.o(STACK)



==============================================================================

Memory Map of the image

  Image Entry point : 0x080000ed

  Load Region LR_IROM1 (Base: 0x08000000, Size: 0x00003b98, Max: 0x00010000, ABSOLUTE, COMPRESSED[0x000032d4])

    Execution Region ER_IROM1 (Exec base: 0x08000000, Load base: 0x08000000, Size: 0x00002e0c, Max: 0x00010000, ABSOLUTE)

    Exec Addr    Load Addr    Size         Type   Attr      Idx    E Section Name        Object

    0x08000000   0x08000000   0x000000ec   Data   RO            3    RESET               startup_stm32f103xb.o
    0x080000ec   0x080000ec   0x00000000   Code   RO         2434  * .ARM.Collect$$$$00000000  mc_w.l(entry.o)
    0x080000ec   0x080000ec   0x00000004   Code   RO         2702    .ARM.Collect$$$$00000001  mc_w.l(entry2.o)
    0x080000f0   0x080000f0   0x00000004   Code   RO         2705    .ARM.Collect$$$$00000004  mc_w.l(entry5.o)
    0x080000f4   0x080000f4   0x00000000   Code   RO         2707    .ARM.Collect$$$$00000008  mc_w.l(entry7b.o)
    0x080000f4   0x080000f4   0x00000000   Code   RO         2709    .ARM.Collect$$$$0000000A  mc_w.l(entry8b.o)
    0x080000f4   0x080000f4   0x00000008   Code   RO         2710    .ARM.Collect$$$$0000000B  mc_w.l(entry9a.o)
    0x080000fc   0x080000fc   0x00000000   Code   RO         2712    .ARM.Collect$$$$0000000D  mc_w.l(entry10a.o)
    0x080000fc   0x080000fc   0x00000000   Code   RO         2714    .ARM.Collect$$$$0000000F  mc_w.l(entry11a.o)
    0x080000fc   0x080000fc   0x00000004   Code   RO         2703    .ARM.Collect$$$$00002712  mc_w.l(entry2.o)
    0x08000100   0x08000100   0x00000024   Code   RO            4    .text               startup_stm32f103xb.o
    0x08000124   0x08000124   0x00000024   Code   RO         2439    .text               mc_w.l(memseta.o)
    0x08000148   0x08000148   0x0000002c   Code   RO         2719    .text               mc_w.l(uidiv.o)
    0x08000174   0x08000174   0x00000024   Code   RO         2734    .text               mc_w.l(init.o)
    0x08000198   0x08000198   0x0000005e   Code   RO         2752    .text               mc_w.l(__dclz77c.o)
    0x080001f6   0x080001f6   0x00000002   Code   RO          524    i.BusFault_Handler  stm32f1xx_it.o
    0x080001f8   0x080001f8   0x00000002   Code   RO          525    i.DebugMon_Handler  stm32f1xx_it.o
    0x080001fa   0x080001fa   0x00000016   Code   RO          526    i.EXTI15_10_IRQHandler  stm32f1xx_it.o
    0x08000210   0x08000210   0x00000002   Code   RO          352    i.Error_Handler     main.o
    0x08000212   0x08000212   0x00000002   PAD
    0x08000214   0x08000214   0x00000098   Code   RO         1496    i.HAL_DMA_Abort_IT  stm32f1xx_hal_dma.o
    0x080002ac   0x080002ac   0x00000006   Code   RO         1499    i.HAL_DMA_GetState  stm32f1xx_hal_dma.o
    0x080002b2   0x080002b2   0x00000002   PAD
    0x080002b4   0x080002b4   0x00000024   Code   RO         1123    i.HAL_Delay         stm32f1xx_hal.o
    0x080002d8   0x080002d8   0x000000a4   Code   RO          353    i.HAL_GPIO_EXTI_Callback  main.o
    0x0800037c   0x0800037c   0x00000018   Code   RO         1430    i.HAL_GPIO_EXTI_IRQHandler  stm32f1xx_hal_gpio.o
    0x08000394   0x08000394   0x000001e0   Code   RO         1431    i.HAL_GPIO_Init     stm32f1xx_hal_gpio.o
    0x08000574   0x08000574   0x0000000a   Code   RO         1433    i.HAL_GPIO_ReadPin  stm32f1xx_hal_gpio.o
    0x0800057e   0x0800057e   0x0000000a   Code   RO         1435    i.HAL_GPIO_WritePin  stm32f1xx_hal_gpio.o
    0x08000588   0x08000588   0x0000000c   Code   RO         1127    i.HAL_GetTick       stm32f1xx_hal.o
    0x08000594   0x08000594   0x00000002   Code   RO          684    i.HAL_I2C_AbortCpltCallback  stm32f1xx_hal_i2c.o
    0x08000596   0x08000596   0x00000002   Code   RO          685    i.HAL_I2C_AddrCallback  stm32f1xx_hal_i2c.o
    0x08000598   0x08000598   0x00000230   Code   RO          689    i.HAL_I2C_EV_IRQHandler  stm32f1xx_hal_i2c.o
    0x080007c8   0x080007c8   0x00000002   Code   RO          691    i.HAL_I2C_ErrorCallback  stm32f1xx_hal_i2c.o
    0x080007ca   0x080007ca   0x00000002   PAD
    0x080007cc   0x080007cc   0x00000188   Code   RO          695    i.HAL_I2C_Init      stm32f1xx_hal_i2c.o
    0x08000954   0x08000954   0x00000002   Code   RO          697    i.HAL_I2C_ListenCpltCallback  stm32f1xx_hal_i2c.o
    0x08000956   0x08000956   0x00000002   Code   RO          698    i.HAL_I2C_MasterRxCpltCallback  stm32f1xx_hal_i2c.o
    0x08000958   0x08000958   0x00000002   Code   RO          699    i.HAL_I2C_MasterTxCpltCallback  stm32f1xx_hal_i2c.o
    0x0800095a   0x0800095a   0x00000002   Code   RO          711    i.HAL_I2C_MemRxCpltCallback  stm32f1xx_hal_i2c.o
    0x0800095c   0x0800095c   0x00000002   Code   RO          712    i.HAL_I2C_MemTxCpltCallback  stm32f1xx_hal_i2c.o
    0x0800095e   0x0800095e   0x00000002   PAD
    0x08000960   0x08000960   0x00000130   Code   RO          716    i.HAL_I2C_Mem_Write  stm32f1xx_hal_i2c.o
    0x08000a90   0x08000a90   0x0000006c   Code   RO          441    i.HAL_I2C_MspInit   i2c.o
    0x08000afc   0x08000afc   0x00000002   Code   RO          721    i.HAL_I2C_SlaveRxCpltCallback  stm32f1xx_hal_i2c.o
    0x08000afe   0x08000afe   0x00000002   Code   RO          722    i.HAL_I2C_SlaveTxCpltCallback  stm32f1xx_hal_i2c.o
    0x08000b00   0x08000b00   0x00000010   Code   RO         1133    i.HAL_IncTick       stm32f1xx_hal.o
    0x08000b10   0x08000b10   0x00000024   Code   RO         1134    i.HAL_Init          stm32f1xx_hal.o
    0x08000b34   0x08000b34   0x00000040   Code   RO         1135    i.HAL_InitTick      stm32f1xx_hal.o
    0x08000b74   0x08000b74   0x0000003c   Code   RO          624    i.HAL_MspInit       stm32f1xx_hal_msp.o
    0x08000bb0   0x08000bb0   0x0000001a   Code   RO         1591    i.HAL_NVIC_EnableIRQ  stm32f1xx_hal_cortex.o
    0x08000bca   0x08000bca   0x00000002   PAD
    0x08000bcc   0x08000bcc   0x00000040   Code   RO         1597    i.HAL_NVIC_SetPriority  stm32f1xx_hal_cortex.o
    0x08000c0c   0x08000c0c   0x00000024   Code   RO         1598    i.HAL_NVIC_SetPriorityGrouping  stm32f1xx_hal_cortex.o
    0x08000c30   0x08000c30   0x0000000c   Code   RO         1713    i.HAL_PWR_EnableBkUpAccess  stm32f1xx_hal_pwr.o
    0x08000c3c   0x08000c3c   0x000000c8   Code   RO         1393    i.HAL_RCCEx_GetPeriphCLKFreq  stm32f1xx_hal_rcc_ex.o
    0x08000d04   0x08000d04   0x000000ec   Code   RO         1394    i.HAL_RCCEx_PeriphCLKConfig  stm32f1xx_hal_rcc_ex.o
    0x08000df0   0x08000df0   0x0000012c   Code   RO         1291    i.HAL_RCC_ClockConfig  stm32f1xx_hal_rcc.o
    0x08000f1c   0x08000f1c   0x00000020   Code   RO         1298    i.HAL_RCC_GetPCLK1Freq  stm32f1xx_hal_rcc.o
    0x08000f3c   0x08000f3c   0x00000020   Code   RO         1299    i.HAL_RCC_GetPCLK2Freq  stm32f1xx_hal_rcc.o
    0x08000f5c   0x08000f5c   0x0000006c   Code   RO         1300    i.HAL_RCC_GetSysClockFreq  stm32f1xx_hal_rcc.o
    0x08000fc8   0x08000fc8   0x00000320   Code   RO         1303    i.HAL_RCC_OscConfig  stm32f1xx_hal_rcc.o
    0x080012e8   0x080012e8   0x00000010   Code   RO         2261    i.HAL_RTCEx_BKUPRead  stm32f1xx_hal_rtc_ex.o
    0x080012f8   0x080012f8   0x00000010   Code   RO         2262    i.HAL_RTCEx_BKUPWrite  stm32f1xx_hal_rtc_ex.o
    0x08001308   0x08001308   0x00000002   Code   RO         2266    i.HAL_RTCEx_RTCEventCallback  stm32f1xx_hal_rtc_ex.o
    0x0800130a   0x0800130a   0x00000002   Code   RO         2267    i.HAL_RTCEx_RTCEventErrorCallback  stm32f1xx_hal_rtc_ex.o
    0x0800130c   0x0800130c   0x0000003e   Code   RO         2268    i.HAL_RTCEx_RTCIRQHandler  stm32f1xx_hal_rtc_ex.o
    0x0800134a   0x0800134a   0x00000002   Code   RO         2091    i.HAL_RTC_AlarmAEventCallback  stm32f1xx_hal_rtc.o
    0x0800134c   0x0800134c   0x00000034   Code   RO         2092    i.HAL_RTC_AlarmIRQHandler  stm32f1xx_hal_rtc.o
    0x08001380   0x08001380   0x000000d8   Code   RO         2098    i.HAL_RTC_GetTime   stm32f1xx_hal_rtc.o
    0x08001458   0x08001458   0x000000a0   Code   RO         2099    i.HAL_RTC_Init      stm32f1xx_hal_rtc.o
    0x080014f8   0x080014f8   0x00000058   Code   RO          483    i.HAL_RTC_MspInit   rtc.o
    0x08001550   0x08001550   0x000000ec   Code   RO         2104    i.HAL_RTC_SetAlarm_IT  stm32f1xx_hal_rtc.o
    0x0800163c   0x0800163c   0x000000c4   Code   RO         2105    i.HAL_RTC_SetDate   stm32f1xx_hal_rtc.o
    0x08001700   0x08001700   0x000000ac   Code   RO         2106    i.HAL_RTC_SetTime   stm32f1xx_hal_rtc.o
    0x080017ac   0x080017ac   0x0000003a   Code   RO         2107    i.HAL_RTC_WaitForSynchro  stm32f1xx_hal_rtc.o
    0x080017e6   0x080017e6   0x00000028   Code   RO         1602    i.HAL_SYSTICK_Config  stm32f1xx_hal_cortex.o
    0x0800180e   0x0800180e   0x00000002   Code   RO          527    i.HardFault_Handler  stm32f1xx_it.o
    0x08001810   0x08001810   0x0000000c   Code   RO          528    i.I2C1_EV_IRQHandler  stm32f1xx_it.o
    0x0800181c   0x0800181c   0x000000bc   Code   RO          733    i.I2C_DMAAbort      stm32f1xx_hal_i2c.o
    0x080018d8   0x080018d8   0x00000158   Code   RO          736    i.I2C_ITError       stm32f1xx_hal_i2c.o
    0x08001a30   0x08001a30   0x0000002e   Code   RO          737    i.I2C_IsAcknowledgeFailed  stm32f1xx_hal_i2c.o
    0x08001a5e   0x08001a5e   0x000000d2   Code   RO          738    i.I2C_MasterReceive_BTF  stm32f1xx_hal_i2c.o
    0x08001b30   0x08001b30   0x000000e8   Code   RO          739    i.I2C_MasterReceive_RXNE  stm32f1xx_hal_i2c.o
    0x08001c18   0x08001c18   0x00000082   Code   RO          742    i.I2C_MasterTransmit_BTF  stm32f1xx_hal_i2c.o
    0x08001c9a   0x08001c9a   0x00000002   PAD
    0x08001c9c   0x08001c9c   0x000000b6   Code   RO          743    i.I2C_MasterTransmit_TXE  stm32f1xx_hal_i2c.o
    0x08001d52   0x08001d52   0x00000002   PAD
    0x08001d54   0x08001d54   0x00000158   Code   RO          744    i.I2C_Master_ADDR   stm32f1xx_hal_i2c.o
    0x08001eac   0x08001eac   0x0000008c   Code   RO          745    i.I2C_Master_SB     stm32f1xx_hal_i2c.o
    0x08001f38   0x08001f38   0x000000a0   Code   RO          746    i.I2C_MemoryTransmit_TXE_BTF  stm32f1xx_hal_i2c.o
    0x08001fd8   0x08001fd8   0x000000a8   Code   RO          748    i.I2C_RequestMemoryWrite  stm32f1xx_hal_i2c.o
    0x08002080   0x08002080   0x00000046   Code   RO          749    i.I2C_Slave_ADDR    stm32f1xx_hal_i2c.o
    0x080020c6   0x080020c6   0x00000002   PAD
    0x080020c8   0x080020c8   0x0000015c   Code   RO          751    i.I2C_Slave_STOPF   stm32f1xx_hal_i2c.o
    0x08002224   0x08002224   0x0000004c   Code   RO          752    i.I2C_WaitOnBTFFlagUntilTimeout  stm32f1xx_hal_i2c.o
    0x08002270   0x08002270   0x00000068   Code   RO          753    i.I2C_WaitOnFlagUntilTimeout  stm32f1xx_hal_i2c.o
    0x080022d8   0x080022d8   0x00000096   Code   RO          754    i.I2C_WaitOnMasterAddressFlagUntilTimeout  stm32f1xx_hal_i2c.o
    0x0800236e   0x0800236e   0x0000004c   Code   RO          756    i.I2C_WaitOnTXEFlagUntilTimeout  stm32f1xx_hal_i2c.o
    0x080023ba   0x080023ba   0x00000002   PAD
    0x080023bc   0x080023bc   0x000000a8   Code   RO          416    i.MX_GPIO_Init      gpio.o
    0x08002464   0x08002464   0x00000040   Code   RO          442    i.MX_I2C1_Init      i2c.o
    0x080024a4   0x080024a4   0x000000b0   Code   RO          484    i.MX_RTC_Init       rtc.o
    0x08002554   0x08002554   0x00000002   Code   RO          529    i.MemManage_Handler  stm32f1xx_it.o
    0x08002556   0x08002556   0x00000002   Code   RO          530    i.NMI_Handler       stm32f1xx_it.o
    0x08002558   0x08002558   0x00000002   Code   RO          531    i.PendSV_Handler    stm32f1xx_it.o
    0x0800255a   0x0800255a   0x00000002   PAD
    0x0800255c   0x0800255c   0x0000000c   Code   RO          532    i.RTC_Alarm_IRQHandler  stm32f1xx_it.o
    0x08002568   0x08002568   0x00000012   Code   RO         2108    i.RTC_Bcd2ToByte    stm32f1xx_hal_rtc.o
    0x0800257a   0x0800257a   0x00000016   Code   RO         2109    i.RTC_ByteToBcd2    stm32f1xx_hal_rtc.o
    0x08002590   0x08002590   0x000000ae   Code   RO         2110    i.RTC_DateUpdate    stm32f1xx_hal_rtc.o
    0x0800263e   0x0800263e   0x00000034   Code   RO         2111    i.RTC_EnterInitMode  stm32f1xx_hal_rtc.o
    0x08002672   0x08002672   0x00000002   PAD
    0x08002674   0x08002674   0x00000036   Code   RO         2112    i.RTC_ExitInitMode  stm32f1xx_hal_rtc.o
    0x080026aa   0x080026aa   0x00000002   PAD
    0x080026ac   0x080026ac   0x0000000c   Code   RO          533    i.RTC_IRQHandler    stm32f1xx_it.o
    0x080026b8   0x080026b8   0x0000000e   Code   RO         2113    i.RTC_ReadAlarmCounter  stm32f1xx_hal_rtc.o
    0x080026c6   0x080026c6   0x00000020   Code   RO         2114    i.RTC_ReadTimeCounter  stm32f1xx_hal_rtc.o
    0x080026e6   0x080026e6   0x00000056   Code   RO         2115    i.RTC_WeekDayNum    stm32f1xx_hal_rtc.o
    0x0800273c   0x0800273c   0x00000028   Code   RO         2116    i.RTC_WriteAlarmCounter  stm32f1xx_hal_rtc.o
    0x08002764   0x08002764   0x00000028   Code   RO         2117    i.RTC_WriteTimeCounter  stm32f1xx_hal_rtc.o
    0x0800278c   0x0800278c   0x00000002   Code   RO          534    i.SVC_Handler       stm32f1xx_it.o
    0x0800278e   0x0800278e   0x00000004   Code   RO          535    i.SysTick_Handler   stm32f1xx_it.o
    0x08002792   0x08002792   0x00000068   Code   RO          354    i.SystemClock_Config  main.o
    0x080027fa   0x080027fa   0x00000002   Code   RO         2400    i.SystemInit        system_stm32f1xx.o
    0x080027fc   0x080027fc   0x00000002   Code   RO          536    i.UsageFault_Handler  stm32f1xx_it.o
    0x080027fe   0x080027fe   0x00000002   PAD
    0x08002800   0x08002800   0x00000028   Code   RO         2488    i.__0sprintf$1      mc_w.l(printf1.o)
    0x08002828   0x08002828   0x00000020   Code   RO         1604    i.__NVIC_SetPriority  stm32f1xx_hal_cortex.o
    0x08002848   0x08002848   0x0000000e   Code   RO         2746    i.__scatterload_copy  mc_w.l(handlers.o)
    0x08002856   0x08002856   0x00000002   Code   RO         2747    i.__scatterload_null  mc_w.l(handlers.o)
    0x08002858   0x08002858   0x0000000e   Code   RO         2748    i.__scatterload_zeroinit  mc_w.l(handlers.o)
    0x08002866   0x08002866   0x00000002   PAD
    0x08002868   0x08002868   0x00000154   Code   RO         2493    i._printf_core      mc_w.l(printf1.o)
    0x080029bc   0x080029bc   0x0000000a   Code   RO         2495    i._sputc            mc_w.l(printf1.o)
    0x080029c6   0x080029c6   0x00000014   Code   RO           13    i.charge_bump_setting  ssd1306.o
    0x080029da   0x080029da   0x00000002   PAD
    0x080029dc   0x080029dc   0x00000128   Code   RO          355    i.main              main.o
    0x08002b04   0x08002b04   0x0000001e   Code   RO           18    i.set_com_pins_hardware_config  ssd1306.o
    0x08002b22   0x08002b22   0x00000014   Code   RO           19    i.set_contrast_control  ssd1306.o
    0x08002b36   0x08002b36   0x00000018   Code   RO           20    i.set_display_clock_divide_ratio_and_osc_freq  ssd1306.o
    0x08002b4e   0x08002b4e   0x00000014   Code   RO           22    i.set_display_offset  ssd1306.o
    0x08002b62   0x08002b62   0x00000014   Code   RO           29    i.set_multiplex_ratio  ssd1306.o
    0x08002b76   0x08002b76   0x00000002   PAD
    0x08002b78   0x08002b78   0x00000020   Code   RO           36    i.ssd1306_black_pixel  ssd1306.o
    0x08002b98   0x08002b98   0x0000001c   Code   RO           37    i.ssd1306_black_screen  ssd1306.o
    0x08002bb4   0x08002bb4   0x0000005e   Code   RO           39    i.ssd1306_init      ssd1306.o
    0x08002c12   0x08002c12   0x00000002   PAD
    0x08002c14   0x08002c14   0x0000000c   Code   RO           40    i.ssd1306_set_cursor  ssd1306.o
    0x08002c20   0x08002c20   0x00000034   Code   RO           42    i.ssd1306_update_screen  ssd1306.o
    0x08002c54   0x08002c54   0x00000020   Code   RO           43    i.ssd1306_white_pixel  ssd1306.o
    0x08002c74   0x08002c74   0x00000084   Code   RO           45    i.ssd1306_write_char  ssd1306.o
    0x08002cf8   0x08002cf8   0x00000024   Code   RO           46    i.ssd1306_write_command  ssd1306.o
    0x08002d1c   0x08002d1c   0x0000001c   Code   RO           47    i.ssd1306_write_data  ssd1306.o
    0x08002d38   0x08002d38   0x00000034   Code   RO           48    i.ssd1306_write_string  ssd1306.o
    0x08002d6c   0x08002d6c   0x00000068   Code   RO          356    i.write_clock_state  main.o
    0x08002dd4   0x08002dd4   0x00000010   Data   RO         2401    .constdata          system_stm32f1xx.o
    0x08002de4   0x08002de4   0x00000008   Data   RO         2402    .constdata          system_stm32f1xx.o
    0x08002dec   0x08002dec   0x00000020   Data   RO         2744    Region$$Table       anon$$obj.o


    Execution Region RW_IRAM1 (Exec base: 0x20000000, Load base: 0x08002e0c, Size: 0x00001620, Max: 0x00005000, ABSOLUTE, COMPRESSED[0x000004c8])

    Exec Addr    Load Addr    Size         Type   Attr      Idx    E Section Name        Object

    0x20000000   COMPRESSED   0x0000000c   Data   RW           50    .data               ssd1306.o
    0x2000000c   COMPRESSED   0x00000d5c   Data   RW          332    .data               ssd1306_font.o
    0x20000d68   COMPRESSED   0x00000008   Data   RW          336    .data               ssd1306_font.o
    0x20000d70   COMPRESSED   0x0000000a   Data   RW          358    .data               main.o
    0x20000d7a   COMPRESSED   0x00000002   PAD
    0x20000d7c   COMPRESSED   0x0000000c   Data   RW         1141    .data               stm32f1xx_hal.o
    0x20000d88   COMPRESSED   0x00000004   Data   RW         2403    .data               system_stm32f1xx.o
    0x20000d8c        -       0x00000400   Zero   RW           49    .bss                ssd1306.o
    0x2000118c        -       0x00000028   Zero   RW          357    .bss                main.o
    0x200011b4        -       0x00000054   Zero   RW          443    .bss                i2c.o
    0x20001208        -       0x00000014   Zero   RW          485    .bss                rtc.o
    0x2000121c   COMPRESSED   0x00000004   PAD
    0x20001220        -       0x00000400   Zero   RW            1    STACK               startup_stm32f103xb.o


==============================================================================

Image component sizes


      Code (inc. data)   RO Data    RW Data    ZI Data      Debug   Object Name

       168         14          0          0          0        955   gpio.o
       172         26          0          0         84       1605   i2c.o
       670        134          0         10         40       3984   main.o
       264         22          0          0         20       1659   rtc.o
       632         44          0         12       1024     413694   ssd1306.o
         0          0          0       3428          0       1279   ssd1306_font.o
        36          8        236          0       1024        796   startup_stm32f103xb.o
       164         28          0         12          0       5857   stm32f1xx_hal.o
       198         14          0          0          0      28899   stm32f1xx_hal_cortex.o
       158          4          0          0          0       1638   stm32f1xx_hal_dma.o
       524         40          0          0          0       4074   stm32f1xx_hal_gpio.o
      4244         64          0          0          0      26041   stm32f1xx_hal_i2c.o
        60          8          0          0          0        858   stm32f1xx_hal_msp.o
        12          4          0          0          0        507   stm32f1xx_hal_pwr.o
      1272        100          0          0          0       5156   stm32f1xx_hal_rcc.o
       436         46          0          0          0       2513   stm32f1xx_hal_rcc_ex.o
      1624         28          0          0          0      13960   stm32f1xx_hal_rtc.o
        98         10          0          0          0       3304   stm32f1xx_hal_rtc_ex.o
        78         18          0          0          0       5582   stm32f1xx_it.o
         2          0         24          4          0       1095   system_stm32f1xx.o

    ----------------------------------------------------------------------
     10844        612        292       3468       2196     523456   Object Totals
         0          0         32          0          0          0   (incl. Generated)
        32          0          0          2          4          0   (incl. Padding)

    ----------------------------------------------------------------------

      Code (inc. data)   RO Data    RW Data    ZI Data      Debug   Library Member Name

        94          0          0          0          0          0   __dclz77c.o
         0          0          0          0          0          0   entry.o
         0          0          0          0          0          0   entry10a.o
         0          0          0          0          0          0   entry11a.o
         8          4          0          0          0          0   entry2.o
         4          0          0          0          0          0   entry5.o
         0          0          0          0          0          0   entry7b.o
         0          0          0          0          0          0   entry8b.o
         8          4          0          0          0          0   entry9a.o
        30          0          0          0          0          0   handlers.o
        36          8          0          0          0         68   init.o
        36          0          0          0          0        108   memseta.o
       390         10          0          0          0        252   printf1.o
        44          0          0          0          0         80   uidiv.o

    ----------------------------------------------------------------------
       652         26          0          0          0        508   Library Totals
         2          0          0          0          0          0   (incl. Padding)

    ----------------------------------------------------------------------

      Code (inc. data)   RO Data    RW Data    ZI Data      Debug   Library Name

       650         26          0          0          0        508   mc_w.l

    ----------------------------------------------------------------------
       652         26          0          0          0        508   Library Totals

    ----------------------------------------------------------------------

==============================================================================


      Code (inc. data)   RO Data    RW Data    ZI Data      Debug   

     11496        638        292       3468       2196     518164   Grand Totals
     11496        638        292       1224       2196     518164   ELF Image Totals (compressed)
     11496        638        292       1224          0          0   ROM Totals

==============================================================================

    Total RO  Size (Code + RO Data)                11788 (  11.51kB)
    Total RW  Size (RW Data + ZI Data)              5664 (   5.53kB)
    Total ROM Size (Code + RO Data + RW Data)      13012 (  12.71kB)

==============================================================================

