<html>
<body>
<pre>
<h1>µVision Build Log</h1>
<h2>Tool Versions:</h2>
IDE-Version: µVision V5.31.0.0
Copyright (C) 2020 ARM Ltd and ARM Germany GmbH. All rights reserved.
License Information: delaram ASUS, aut, LIC=VGXG8-36XVL-9UF4U-S0UJY-ST45F-PK3IA
 
Tool Versions:
Toolchain:       MDK-ARM Plus  Version: 5.31.0.0
Toolchain Path:  C:\Keil_v5\ARM\ARMCC\Bin
C Compiler:      Armcc.exe V5.06 update 6 (build 750)
Assembler:       Armasm.exe V5.06 update 6 (build 750)
Linker/Locator:  ArmLink.exe V5.06 update 6 (build 750)
Library Manager: ArmAr.exe V5.06 update 6 (build 750)
Hex Converter:   FromElf.exe V5.06 update 6 (build 750)
CPU DLL:         SARMCM3.DLL V5.31.0.0
Dialog DLL:      DCM.DLL V1.17.3.0
Target DLL:      STLink\ST-LINKIII-KEIL_SWO.dll V3.0.7.0
Dialog DLL:      TCM.DLL V1.46.0.0
 
<h2>Project:</h2>
C:\Users\ASUS\Desktop\SelfDev\day_saver_clock\MDK-ARM\day_saver_clock.uvprojx
Project File Date:  05/15/2024

<h2>Output:</h2>
*** Using Compiler 'V5.06 update 6 (build 750)', folder: 'C:\Keil_v5\ARM\ARMCC\Bin'
Rebuild target 'day_saver_clock'
assembling startup_stm32f103xb.s...
compiling ssd1306_font.c...
..\Core\Src\ssd1306_font.c(428): warning:  #1-D: last line of file ends without a newline
  #endif
..\Core\Src\ssd1306_font.c: 1 warning, 0 errors
compiling i2c.c...
compiling stm32f1xx_it.c...
compiling gpio.c...
compiling rtc.c...
compiling stm32f1xx_hal_msp.c...
compiling main.c...
../Core/Inc/ssd1306.h(122): warning:  #1295-D: Deprecated declaration entire_display_off - give arg types
  void entire_display_off();
../Core/Inc/ssd1306.h(123): warning:  #1295-D: Deprecated declaration entire_display_on - give arg types
  void entire_display_on();    
../Core/Inc/ssd1306.h(126): warning:  #1295-D: Deprecated declaration set_normal_display - give arg types
  void set_normal_display();                
../Core/Inc/ssd1306.h(129): warning:  #1295-D: Deprecated declaration set_inverse_display - give arg types
  void set_inverse_display();        
../Core/Inc/ssd1306.h(132): warning:  #1295-D: Deprecated declaration set_display_off - give arg types
  void set_display_off();   
../Core/Inc/ssd1306.h(135): warning:  #1295-D: Deprecated declaration set_display_on - give arg types
  void set_display_on();                      
../Core/Inc/ssd1306.h(202): warning:  #1295-D: Deprecated declaration ssd1306_init - give arg types
  void ssd1306_init();
../Core/Inc/ssd1306.h(204): warning:  #1295-D: Deprecated declaration ssd1306_update_screen - give arg types
  void ssd1306_update_screen();
../Core/Inc/ssd1306.h(206): warning:  #1295-D: Deprecated declaration ssd1306_black_screen - give arg types
  void ssd1306_black_screen();
../Core/Inc/ssd1306.h(207): warning:  #1295-D: Deprecated declaration ssd1306_white_screen - give arg types
  void ssd1306_white_screen();
../Core/Inc/ssd1306.h(227): warning:  #1295-D: Deprecated declaration ssd1306_enter - give arg types
  void ssd1306_enter();
../Core/Inc/ssd1306.h(228): warning:  #1295-D: Deprecated declaration ssd1306_space - give arg types
  void ssd1306_space();
../Core/Inc/ssd1306.h(230): warning:  #1-D: last line of file ends without a newline
  #endif /* __SSD1306_H__ */
../Core/Src/main.c(80): warning:  #1295-D: Deprecated declaration write_clock_state - give arg types
  void write_clock_state();
../Core/Src/main.c(136): warning:  #223-D: function "sprintf" declared implicitly
  			sprintf(display_buffer, "%d:%d:%d     ", myTime.Hours, myTime.Minutes, myTime.Seconds);
../Core/Src/main.c(139): warning:  #223-D: function "sprintf" declared implicitly
  			sprintf(display_buffer, "%d : %d      ", hour, minute);
../Core/Src/main.c(145): warning:  #223-D: function "sprintf" declared implicitly
  			sprintf(display_buffer, "! ALARM !     ");
../Core/Src/main.c(256): warning:  #223-D: function "sprintf" declared implicitly
  			sprintf(button_state_str, "Time, %d   ", (uint8_t)alarm_on);
../Core/Src/main.c(258): warning:  #223-D: function "sprintf" declared implicitly
  			sprintf(button_state_str, "Set Alarm H");
../Core/Src/main.c(260): warning:  #223-D: function "sprintf" declared implicitly
  			sprintf(button_state_str, "Set Alarm M");
../Core/Src/main.c(262): warning:  #223-D: function "sprintf" declared implicitly
  			sprintf(button_state_str, "Alarm Set! ");
../Core/Src/main.c(265): warning:  #223-D: function "sprintf" declared implicitly
  			sprintf(button_state_str, "Clock Set! ");
../Core/Src/main.c(267): warning:  #223-D: function "sprintf" declared implicitly
  			sprintf(button_state_str, "Set Clock H");
../Core/Src/main.c(269): warning:  #223-D: function "sprintf" declared implicitly
  			sprintf(button_state_str, "Set Clock M");
../Core/Src/main.c: 24 warnings, 0 errors
compiling ssd1306.c...
../Core/Inc/ssd1306.h(122): warning:  #1295-D: Deprecated declaration entire_display_off - give arg types
  void entire_display_off();
../Core/Inc/ssd1306.h(123): warning:  #1295-D: Deprecated declaration entire_display_on - give arg types
  void entire_display_on();    
../Core/Inc/ssd1306.h(126): warning:  #1295-D: Deprecated declaration set_normal_display - give arg types
  void set_normal_display();                
../Core/Inc/ssd1306.h(129): warning:  #1295-D: Deprecated declaration set_inverse_display - give arg types
  void set_inverse_display();        
../Core/Inc/ssd1306.h(132): warning:  #1295-D: Deprecated declaration set_display_off - give arg types
  void set_display_off();   
../Core/Inc/ssd1306.h(135): warning:  #1295-D: Deprecated declaration set_display_on - give arg types
  void set_display_on();                      
../Core/Inc/ssd1306.h(202): warning:  #1295-D: Deprecated declaration ssd1306_init - give arg types
  void ssd1306_init();
../Core/Inc/ssd1306.h(204): warning:  #1295-D: Deprecated declaration ssd1306_update_screen - give arg types
  void ssd1306_update_screen();
../Core/Inc/ssd1306.h(206): warning:  #1295-D: Deprecated declaration ssd1306_black_screen - give arg types
  void ssd1306_black_screen();
../Core/Inc/ssd1306.h(207): warning:  #1295-D: Deprecated declaration ssd1306_white_screen - give arg types
  void ssd1306_white_screen();
../Core/Inc/ssd1306.h(227): warning:  #1295-D: Deprecated declaration ssd1306_enter - give arg types
  void ssd1306_enter();
../Core/Inc/ssd1306.h(228): warning:  #1295-D: Deprecated declaration ssd1306_space - give arg types
  void ssd1306_space();
../Core/Inc/ssd1306.h(230): warning:  #1-D: last line of file ends without a newline
  #endif /* __SSD1306_H__ */
..\Core\Src\ssd1306.c(337): warning:  #1-D: last line of file ends without a newline
  }
..\Core\Src\ssd1306.c: 14 warnings, 0 errors
compiling stm32f1xx_hal_gpio_ex.c...
compiling stm32f1xx_hal_gpio.c...
compiling stm32f1xx_hal_dma.c...
compiling stm32f1xx_hal_rcc_ex.c...
compiling stm32f1xx_hal.c...
compiling stm32f1xx_hal_rcc.c...
compiling stm32f1xx_hal_i2c.c...
compiling stm32f1xx_hal_pwr.c...
compiling stm32f1xx_hal_cortex.c...
compiling stm32f1xx_hal_flash.c...
compiling stm32f1xx_hal_exti.c...
compiling stm32f1xx_hal_rtc_ex.c...
compiling stm32f1xx_hal_flash_ex.c...
compiling stm32f1xx_hal_rtc.c...
compiling system_stm32f1xx.c...
compiling stm32f1xx_hal_tim.c...
compiling stm32f1xx_hal_tim_ex.c...
linking...
Program Size: Code=11624 RO-data=292 RW-data=3468 ZI-data=2196  
FromELF: creating hex file...
"day_saver_clock\day_saver_clock.axf" - 0 Error(s), 39 Warning(s).

<h2>Software Packages used:</h2>

Package Vendor: ARM
                http://www.keil.com/pack/ARM.CMSIS.5.7.0.pack
                ARM.CMSIS.5.7.0
                CMSIS (Cortex Microcontroller Software Interface Standard)
   * Component: CORE Version: 5.4.0

Package Vendor: Keil
                http://www.keil.com/pack/Keil.STM32F1xx_DFP.2.3.0.pack
                Keil.STM32F1xx_DFP.2.3.0
                STMicroelectronics STM32F1 Series Device Support, Drivers and Examples

<h2>Collection of Component include folders:</h2>
  .\RTE\_day_saver_clock
  C:\Users\ASUS\AppData\Local\Arm\Packs\ARM\CMSIS\5.7.0\CMSIS\Core\Include
  C:\Users\ASUS\AppData\Local\Arm\Packs\Keil\STM32F1xx_DFP\2.3.0\Device\Include

<h2>Collection of Component Files used:</h2>

   * Component: ARM::CMSIS:CORE:5.4.0
Build Time Elapsed:  00:00:10
</pre>
</body>
</html>
